2026/10/06 15:10:02 Received {c3 n1 {"type":"init","node_id":"n1","node_ids":["n0","n1","n2","n3","n4"],"msg_id":1}}
2026/10/06 15:10:02 Node n1 initialized
2026/10/06 15:10:02 Sent {"src":"n1","dest":"c3","body":{"in_reply_to":1,"type":"init_ok"}}
2026/10/06 15:10:02 Received {c6 n1 {"type":"topology","topology":{"n0":["n3","n1"],"n1":["n4","n2","n0"],"n2":["n1"],"n3":["n0","n4"],"n4":["n1","n3"]},"msg_id":1}}
2026/10/06 15:10:02 Sent {"src":"n1","dest":"c6","body":{"in_reply_to":1,"type":"topology_ok"}}
2026/10/06 15:10:02 Received {c11 n1 {"type":"read","msg_id":1}}
2026/10/06 15:10:02 Sent {"src":"n1","dest":"c11","body":{"in_reply_to":1,"messages":[],"type":"read_ok"}}
2026/10/06 15:10:03 Received {c11 n1 {"type":"broadcast","message":4,"msg_id":2}}
2026/10/06 15:10:03 Sent {"src":"n1","dest":"c11","body":{"in_reply_to":2,"type":"broadcast_ok"}}
2026/10/06 15:10:04 Received {c11 n1 {"type":"read","msg_id":3}}
2026/10/06 15:10:04 Sent {"src":"n1","dest":"c11","body":{"in_reply_to":3,"messages":[4],"type":"read_ok"}}
2026/10/06 15:10:04 Received {c11 n1 {"type":"broadcast","message":9,"msg_id":4}}
2026/10/06 15:10:04 Sent {"src":"n1","dest":"c11","body":{"in_reply_to":4,"type":"broadcast_ok"}}
2026/10/06 15:10:05 Received {c11 n1 {"type":"read","msg_id":5}}
2026/10/06 15:10:05 Sent {"src":"n1","dest":"c11","body":{"in_reply_to":5,"messages":[4,9],"type":"read_ok"}}
2026/10/06 15:10:06 Received {c11 n1 {"type":"broadcast","message":15,"msg_id":6}}
2026/10/06 15:10:06 Sent {"src":"n1","dest":"c11","body":{"in_reply_to":6,"type":"broadcast_ok"}}
2026/10/06 15:10:06 Received {c11 n1 {"type":"read","msg_id":7}}
2026/10/06 15:10:06 Sent {"src":"n1","dest":"c11","body":{"in_reply_to":7,"messages":[4,9,15],"type":"read_ok"}}
2026/10/06 15:10:07 Received {c11 n1 {"type":"read","msg_id":8}}
2026/10/06 15:10:07 Sent {"src":"n1","dest":"c11","body":{"in_reply_to":8,"messages":[4,9,15],"type":"read_ok"}}
2026/10/06 15:10:07 Received {c11 n1 {"type":"broadcast","message":26,"msg_id":9}}
2026/10/06 15:10:07 Sent {"src":"n1","dest":"c11","body":{"in_reply_to":9,"type":"broadcast_ok"}}
2026/10/06 15:10:08 Received {c11 n1 {"type":"broadcast","message":31,"msg_id":10}}
2026/10/06 15:10:08 Sent {"src":"n1","dest":"c11","body":{"in_reply_to":10,"type":"broadcast_ok"}}
2026/10/06 15:10:08 Received {c11 n1 {"type":"broadcast","message":35,"msg_id":11}}
2026/10/06 15:10:08 Sent {"src":"n1","dest":"c11","body":{"in_reply_to":11,"type":"broadcast_ok"}}
2026/10/06 15:10:09 Received {c11 n1 {"type":"read","msg_id":12}}
2026/10/06 15:10:09 Sent {"src":"n1","dest":"c11","body":{"in_reply_to":12,"messages":[31,35,4,9,15,26],"type":"read_ok"}}
2026/10/06 15:10:10 Received {c11 n1 {"type":"read","msg_id":13}}
2026/10/06 15:10:10 Sent {"src":"n1","dest":"c11","body":{"in_reply_to":13,"messages":[31,35,4,9,15,26],"type":"read_ok"}}
2026/10/06 15:10:10 Received {c11 n1 {"type":"read","msg_id":14}}
2026/10/06 15:10:10 Sent {"src":"n1","dest":"c11","body":{"in_reply_to":14,"messages":[31,35,4,9,15,26],"type":"read_ok"}}
2026/10/06 15:10:11 Received {c11 n1 {"type":"read","msg_id":15}}
2026/10/06 15:10:11 Sent {"src":"n1","dest":"c11","body":{"in_reply_to":15,"messages":[35,4,9,15,26,31],"type":"read_ok"}}
2026/10/06 15:10:12 Received {c11 n1 {"type":"broadcast","message":47,"msg_id":16}}
2026/10/06 15:10:12 Sent {"src":"n1","dest":"c11","body":{"in_reply_to":16,"type":"broadcast_ok"}}
2026/10/06 15:10:13 Received {c11 n1 {"type":"read","msg_id":17}}
2026/10/06 15:10:13 Sent {"src":"n1","dest":"c11","body":{"in_reply_to":17,"messages":[4,9,15,26,31,35,47],"type":"read_ok"}}
2026/10/06 15:10:13 Received {c11 n1 {"type":"read","msg_id":18}}
2026/10/06 15:10:13 Sent {"src":"n1","dest":"c11","body":{"in_reply_to":18,"messages":[9,15,26,31,35,47,4],"type":"read_ok"}}
2026/10/06 15:10:14 Received {c11 n1 {"type":"read","msg_id":19}}
2026/10/06 15:10:14 Sent {"src":"n1","dest":"c11","body":{"in_reply_to":19,"messages":[9,15,26,31,35,47,4],"type":"read_ok"}}
2026/10/06 15:10:15 Received {c11 n1 {"type":"broadcast","message":54,"msg_id":20}}
2026/10/06 15:10:15 Sent {"src":"n1","dest":"c11","body":{"in_reply_to":20,"type":"broadcast_ok"}}
2026/10/06 15:10:15 Received {c11 n1 {"type":"read","msg_id":21}}
2026/10/06 15:10:15 Sent {"src":"n1","dest":"c11","body":{"in_reply_to":21,"messages":[47,54,4,9,15,26,31,35],"type":"read_ok"}}
2026/10/06 15:10:16 Received {c11 n1 {"type":"broadcast","message":57,"msg_id":22}}
2026/10/06 15:10:16 Sent {"src":"n1","dest":"c11","body":{"in_reply_to":22,"type":"broadcast_ok"}}
2026/10/06 15:10:16 Received {c11 n1 {"type":"broadcast","message":63,"msg_id":23}}
2026/10/06 15:10:16 Sent {"src":"n1","dest":"c11","body":{"in_reply_to":23,"type":"broadcast_ok"}}
2026/10/06 15:10:17 Received {c11 n1 {"type":"broadcast","message":67,"msg_id":24}}
2026/10/06 15:10:17 Sent {"src":"n1","dest":"c11","body":{"in_reply_to":24,"type":"broadcast_ok"}}
2026/10/06 15:10:18 Received {c11 n1 {"type":"read","msg_id":25}}
2026/10/06 15:10:18 Sent {"src":"n1","dest":"c11","body":{"in_reply_to":25,"messages":[57,63,4,35,54,67,9,15,26,31,47],"type":"read_ok"}}
2026/10/06 15:10:18 Received {c11 n1 {"type":"read","msg_id":26}}
2026/10/06 15:10:18 Sent {"src":"n1","dest":"c11","body":{"in_reply_to":26,"messages":[47,57,63,4,35,54,67,9,15,26,31],"type":"read_ok"}}
2026/10/06 15:10:19 Received {c11 n1 {"type":"read","msg_id":27}}
2026/10/06 15:10:19 Sent {"src":"n1","dest":"c11","body":{"in_reply_to":27,"messages":[4,35,54,67,9,15,26,31,47,57,63],"type":"read_ok"}}
2026/10/06 15:10:20 Received {c11 n1 {"type":"read","msg_id":28}}
2026/10/06 15:10:20 Sent {"src":"n1","dest":"c11","body":{"in_reply_to":28,"messages":[35,54,67,9,15,26,31,47,57,63,4],"type":"read_ok"}}
2026/10/06 15:10:21 Received {c11 n1 {"type":"read","msg_id":29}}
2026/10/06 15:10:21 Sent {"src":"n1","dest":"c11","body":{"in_reply_to":29,"messages":[26,31,47,57,63,4,35,54,67,9,15],"type":"read_ok"}}
2026/10/06 15:10:21 Received {c11 n1 {"type":"broadcast","message":77,"msg_id":30}}
2026/10/06 15:10:21 Sent {"src":"n1","dest":"c11","body":{"in_reply_to":30,"type":"broadcast_ok"}}
2026/10/06 15:10:22 Received {c11 n1 {"type":"broadcast","message":82,"msg_id":31}}
2026/10/06 15:10:22 Sent {"src":"n1","dest":"c11","body":{"in_reply_to":31,"type":"broadcast_ok"}}
2026/10/06 15:10:22 Received {c11 n1 {"type":"broadcast","message":86,"msg_id":32}}
2026/10/06 15:10:22 Sent {"src":"n1","dest":"c11","body":{"in_reply_to":32,"type":"broadcast_ok"}}
2026/10/06 15:10:32 Received {c11 n1 {"type":"read","msg_id":33}}
2026/10/06 15:10:32 Sent {"src":"n1","dest":"c11","body":{"in_reply_to":33,"messages":[86,9,15,26,31,47,57,63,77,4,35,54,67,82],"type":"read_ok"}}
