2026/10/06 15:10:02 Received {c0 n2 {"type":"init","node_id":"n2","node_ids":["n0","n1","n2","n3","n4"],"msg_id":1}}
2026/10/06 15:10:02 Node n2 initialized
2026/10/06 15:10:02 Sent {"src":"n2","dest":"c0","body":{"in_reply_to":1,"type":"init_ok"}}
2026/10/06 15:10:02 Received {c7 n2 {"type":"topology","topology":{"n0":["n3","n1"],"n1":["n4","n2","n0"],"n2":["n1"],"n3":["n0","n4"],"n4":["n1","n3"]},"msg_id":1}}
2026/10/06 15:10:02 Sent {"src":"n2","dest":"c7","body":{"in_reply_to":1,"type":"topology_ok"}}
2026/10/06 15:10:02 Received {c12 n2 {"type":"broadcast","message":0,"msg_id":1}}
2026/10/06 15:10:02 Sent {"src":"n2","dest":"c12","body":{"in_reply_to":1,"type":"broadcast_ok"}}
2026/10/06 15:10:03 Received {c12 n2 {"type":"read","msg_id":2}}
2026/10/06 15:10:03 Sent {"src":"n2","dest":"c12","body":{"in_reply_to":2,"messages":[0],"type":"read_ok"}}
2026/10/06 15:10:04 Received {c12 n2 {"type":"read","msg_id":3}}
2026/10/06 15:10:04 Sent {"src":"n2","dest":"c12","body":{"in_reply_to":3,"messages":[0],"type":"read_ok"}}
2026/10/06 15:10:05 Received {c12 n2 {"type":"read","msg_id":4}}
2026/10/06 15:10:05 Sent {"src":"n2","dest":"c12","body":{"in_reply_to":4,"messages":[0],"type":"read_ok"}}
2026/10/06 15:10:05 Received {c12 n2 {"type":"broadcast","message":11,"msg_id":5}}
2026/10/06 15:10:05 Sent {"src":"n2","dest":"c12","body":{"in_reply_to":5,"type":"broadcast_ok"}}
2026/10/06 15:10:06 Received {c12 n2 {"type":"broadcast","message":16,"msg_id":6}}
2026/10/06 15:10:06 Sent {"src":"n2","dest":"c12","body":{"in_reply_to":6,"type":"broadcast_ok"}}
2026/10/06 15:10:06 Received {c12 n2 {"type":"read","msg_id":7}}
2026/10/06 15:10:06 Sent {"src":"n2","dest":"c12","body":{"in_reply_to":7,"messages":[16,0,11],"type":"read_ok"}}
2026/10/06 15:10:07 Received {c12 n2 {"type":"read","msg_id":8}}
2026/10/06 15:10:07 Sent {"src":"n2","dest":"c12","body":{"in_reply_to":8,"messages":[11,16,0],"type":"read_ok"}}
2026/10/06 15:10:07 Received {c12 n2 {"type":"broadcast","message":27,"msg_id":9}}
2026/10/06 15:10:07 Sent {"src":"n2","dest":"c12","body":{"in_reply_to":9,"type":"broadcast_ok"}}
2026/10/06 15:10:08 Received {c12 n2 {"type":"broadcast","message":32,"msg_id":10}}
2026/10/06 15:10:08 Sent {"src":"n2","dest":"c12","body":{"in_reply_to":10,"type":"broadcast_ok"}}
2026/10/06 15:10:09 Received {c12 n2 {"type":"read","msg_id":11}}
2026/10/06 15:10:09 Sent {"src":"n2","dest":"c12","body":{"in_reply_to":11,"messages":[27,32,0,11,16],"type":"read_ok"}}
2026/10/06 15:10:09 Received {c12 n2 {"type":"broadcast","message":37,"msg_id":12}}
2026/10/06 15:10:09 Sent {"src":"n2","dest":"c12","body":{"in_reply_to":12,"type":"broadcast_ok"}}
2026/10/06 15:10:10 Received {c12 n2 {"type":"broadcast","message":40,"msg_id":13}}
2026/10/06 15:10:10 Sent {"src":"n2","dest":"c12","body":{"in_reply_to":13,"type":"broadcast_ok"}}
2026/10/06 15:10:10 Received {c12 n2 {"type":"read","msg_id":14}}
2026/10/06 15:10:10 Sent {"src":"n2","dest":"c12","body":{"in_reply_to":14,"messages":[0,11,16,27,32,37,40],"type":"read_ok"}}
2026/10/06 15:10:12 Received {c12 n2 {"type":"broadcast","message":44,"msg_id":15}}
2026/10/06 15:10:12 Sent {"src":"n2","dest":"c12","body":{"in_reply_to":15,"type":"broadcast_ok"}}
2026/10/06 15:10:12 Received {c12 n2 {"type":"read","msg_id":16}}
2026/10/06 15:10:12 Sent {"src":"n2","dest":"c12","body":{"in_reply_to":16,"messages":[11,16,27,32,37,40,44,0],"type":"read_ok"}}
2026/10/06 15:10:13 Received {c12 n2 {"type":"broadcast","message":49,"msg_id":17}}
2026/10/06 15:10:13 Sent {"src":"n2","dest":"c12","body":{"in_reply_to":17,"type":"broadcast_ok"}}
2026/10/06 15:10:13 Received {c12 n2 {"type":"broadcast","message":51,"msg_id":18}}
2026/10/06 15:10:13 Sent {"src":"n2","dest":"c12","body":{"in_reply_to":18,"type":"broadcast_ok"}}
2026/10/06 15:10:14 Received {c12 n2 {"type":"read","msg_id":19}}
2026/10/06 15:10:14 Sent {"src":"n2","dest":"c12","body":{"in_reply_to":19,"messages":[49,51,0,16,27,32,37,11,40,44],"type":"read_ok"}}
2026/10/06 15:10:15 Received {c12 n2 {"type":"read","msg_id":20}}
2026/10/06 15:10:15 Sent {"src":"n2","dest":"c12","body":{"in_reply_to":20,"messages":[37,11,40,44,49,51,0,16,27,32],"type":"read_ok"}}
2026/10/06 15:10:15 Received {c12 n2 {"type":"read","msg_id":21}}
2026/10/06 15:10:15 Sent {"src":"n2","dest":"c12","body":{"in_reply_to":21,"messages":[32,37,11,40,44,49,51,0,16,27],"type":"read_ok"}}
2026/10/06 15:10:16 Received {c12 n2 {"type":"broadcast","message":58,"msg_id":22}}
2026/10/06 15:10:16 Sent {"src":"n2","dest":"c12","body":{"in_reply_to":22,"type":"broadcast_ok"}}
2026/10/06 15:10:16 Received {c12 n2 {"type":"broadcast","message":64,"msg_id":23}}
2026/10/06 15:10:16 Sent {"src":"n2","dest":"c12","body":{"in_reply_to":23,"type":"broadcast_ok"}}
2026/10/06 15:10:17 Received {c12 n2 {"type":"read","msg_id":24}}
2026/10/06 15:10:17 Sent {"src":"n2","dest":"c12","body":{"in_reply_to":24,"messages":[51,58,64,0,16,27,32,37,11,40,44,49],"type":"read_ok"}}
2026/10/06 15:10:18 Received {c12 n2 {"type":"broadcast","message":68,"msg_id":25}}
2026/10/06 15:10:18 Sent {"src":"n2","dest":"c12","body":{"in_reply_to":25,"type":"broadcast_ok"}}
2026/10/06 15:10:18 Received {c12 n2 {"type":"broadcast","message":70,"msg_id":26}}
2026/10/06 15:10:18 Sent {"src":"n2","dest":"c12","body":{"in_reply_to":26,"type":"broadcast_ok"}}
2026/10/06 15:10:19 Received {c12 n2 {"type":"read","msg_id":27}}
2026/10/06 15:10:19 Sent {"src":"n2","dest":"c12","body":{"in_reply_to":27,"messages":[11,40,44,49,51,58,64,0,16,27,32,37,68,70],"type":"read_ok"}}
2026/10/06 15:10:20 Received {c12 n2 {"type":"broadcast","message":73,"msg_id":28}}
2026/10/06 15:10:20 Sent {"src":"n2","dest":"c12","body":{"in_reply_to":28,"type":"broadcast_ok"}}
2026/10/06 15:10:21 Received {c12 n2 {"type":"read","msg_id":29}}
2026/10/06 15:10:21 Sent {"src":"n2","dest":"c12","body":{"in_reply_to":29,"messages":[49,58,0,27,32,11,40,51,64,16,37,68,70,73,44],"type":"read_ok"}}
2026/10/06 15:10:21 Received {c12 n2 {"type":"broadcast","message":78,"msg_id":30}}
2026/10/06 15:10:21 Sent {"src":"n2","dest":"c12","body":{"in_reply_to":30,"type":"broadcast_ok"}}
2026/10/06 15:10:22 Received {c12 n2 {"type":"broadcast","message":83,"msg_id":31}}
2026/10/06 15:10:22 Sent {"src":"n2","dest":"c12","body":{"in_reply_to":31,"type":"broadcast_ok"}}
2026/10/06 15:10:22 Received {c12 n2 {"type":"broadcast","message":87,"msg_id":32}}
2026/10/06 15:10:22 Sent {"src":"n2","dest":"c12","body":{"in_reply_to":32,"type":"broadcast_ok"}}
2026/10/06 15:10:32 Received {c12 n2 {"type":"read","msg_id":33}}
2026/10/06 15:10:32 Sent {"src":"n2","dest":"c12","body":{"in_reply_to":33,"messages":[49,58,0,27,32,87,11,40,51,64,16,37,68,70,73,78,83,44],"type":"read_ok"}}
