2026/10/06 15:10:02 Received {c1 n4 {"type":"init","node_id":"n4","node_ids":["n0","n1","n2","n3","n4"],"msg_id":1}}
2026/10/06 15:10:02 Node n4 initialized
2026/10/06 15:10:02 Sent {"src":"n4","dest":"c1","body":{"in_reply_to":1,"type":"init_ok"}}
2026/10/06 15:10:02 Received {c9 n4 {"type":"topology","topology":{"n0":["n3","n1"],"n1":["n4","n2","n0"],"n2":["n1"],"n3":["n0","n4"],"n4":["n1","n3"]},"msg_id":1}}
2026/10/06 15:10:02 Sent {"src":"n4","dest":"c9","body":{"in_reply_to":1,"type":"topology_ok"}}
2026/10/06 15:10:03 Received {c14 n4 {"type":"broadcast","message":1,"msg_id":1}}
2026/10/06 15:10:03 Sent {"src":"n4","dest":"c14","body":{"in_reply_to":1,"type":"broadcast_ok"}}
2026/10/06 15:10:04 Received {c14 n4 {"type":"read","msg_id":2}}
2026/10/06 15:10:04 Sent {"src":"n4","dest":"c14","body":{"in_reply_to":2,"messages":[1],"type":"read_ok"}}
2026/10/06 15:10:04 Received {c14 n4 {"type":"read","msg_id":3}}
2026/10/06 15:10:04 Sent {"src":"n4","dest":"c14","body":{"in_reply_to":3,"messages":[1],"type":"read_ok"}}
2026/10/06 15:10:05 Received {c14 n4 {"type":"read","msg_id":4}}
2026/10/06 15:10:05 Sent {"src":"n4","dest":"c14","body":{"in_reply_to":4,"messages":[1],"type":"read_ok"}}
2026/10/06 15:10:05 Received {c14 n4 {"type":"read","msg_id":5}}
2026/10/06 15:10:05 Sent {"src":"n4","dest":"c14","body":{"in_reply_to":5,"messages":[1],"type":"read_ok"}}
2026/10/06 15:10:06 Received {c14 n4 {"type":"broadcast","message":18,"msg_id":6}}
2026/10/06 15:10:06 Sent {"src":"n4","dest":"c14","body":{"in_reply_to":6,"type":"broadcast_ok"}}
2026/10/06 15:10:06 Received {c14 n4 {"type":"broadcast","message":21,"msg_id":7}}
2026/10/06 15:10:06 Sent {"src":"n4","dest":"c14","body":{"in_reply_to":7,"type":"broadcast_ok"}}
2026/10/06 15:10:07 Received {c14 n4 {"type":"broadcast","message":24,"msg_id":8}}
2026/10/06 15:10:07 Sent {"src":"n4","dest":"c14","body":{"in_reply_to":8,"type":"broadcast_ok"}}
2026/10/06 15:10:08 Received {c14 n4 {"type":"broadcast","message":29,"msg_id":9}}
2026/10/06 15:10:08 Sent {"src":"n4","dest":"c14","body":{"in_reply_to":9,"type":"broadcast_ok"}}
2026/10/06 15:10:08 Received {c14 n4 {"type":"read","msg_id":10}}
2026/10/06 15:10:08 Sent {"src":"n4","dest":"c14","body":{"in_reply_to":10,"messages":[18,21,24,29,1],"type":"read_ok"}}
2026/10/06 15:10:09 Received {c14 n4 {"type":"read","msg_id":11}}
2026/10/06 15:10:09 Sent {"src":"n4","dest":"c14","body":{"in_reply_to":11,"messages":[29,1,18,21,24],"type":"read_ok"}}
2026/10/06 15:10:10 Received {c14 n4 {"type":"read","msg_id":12}}
2026/10/06 15:10:10 Sent {"src":"n4","dest":"c14","body":{"in_reply_to":12,"messages":[1,18,21,24,29],"type":"read_ok"}}
2026/10/06 15:10:10 Received {c14 n4 {"type":"read","msg_id":13}}
2026/10/06 15:10:10 Sent {"src":"n4","dest":"c14","body":{"in_reply_to":13,"messages":[1,18,21,24,29],"type":"read_ok"}}
2026/10/06 15:10:11 Received {c14 n4 {"type":"read","msg_id":14}}
2026/10/06 15:10:11 Sent {"src":"n4","dest":"c14","body":{"in_reply_to":14,"messages":[18,21,24,29,1],"type":"read_ok"}}
2026/10/06 15:10:12 Received {c14 n4 {"type":"broadcast","message":45,"msg_id":15}}
2026/10/06 15:10:12 Sent {"src":"n4","dest":"c14","body":{"in_reply_to":15,"type":"broadcast_ok"}}
2026/10/06 15:10:12 Received {c14 n4 {"type":"broadcast","message":48,"msg_id":16}}
2026/10/06 15:10:12 Sent {"src":"n4","dest":"c14","body":{"in_reply_to":16,"type":"broadcast_ok"}}
2026/10/06 15:10:13 Received {c14 n4 {"type":"read","msg_id":17}}
2026/10/06 15:10:13 Sent {"src":"n4","dest":"c14","body":{"in_reply_to":17,"messages":[45,48,1,18,21,24,29],"type":"read_ok"}}
2026/10/06 15:10:14 Received {c14 n4 {"type":"broadcast","message":52,"msg_id":18}}
2026/10/06 15:10:14 Sent {"src":"n4","dest":"c14","body":{"in_reply_to":18,"type":"broadcast_ok"}}
2026/10/06 15:10:14 Received {c14 n4 {"type":"read","msg_id":19}}
2026/10/06 15:10:14 Sent {"src":"n4","dest":"c14","body":{"in_reply_to":19,"messages":[48,52,1,18,21,24,29,45],"type":"read_ok"}}
2026/10/06 15:10:15 Received {c14 n4 {"type":"read","msg_id":20}}
2026/10/06 15:10:15 Sent {"src":"n4","dest":"c14","body":{"in_reply_to":20,"messages":[52,1,18,21,24,29,45,48],"type":"read_ok"}}
2026/10/06 15:10:15 Received {c14 n4 {"type":"broadcast","message":55,"msg_id":21}}
2026/10/06 15:10:15 Sent {"src":"n4","dest":"c14","body":{"in_reply_to":21,"type":"broadcast_ok"}}
2026/10/06 15:10:16 Received {c14 n4 {"type":"broadcast","message":60,"msg_id":22}}
2026/10/06 15:10:16 Sent {"src":"n4","dest":"c14","body":{"in_reply_to":22,"type":"broadcast_ok"}}
2026/10/06 15:10:17 Received {c14 n4 {"type":"read","msg_id":23}}
2026/10/06 15:10:17 Sent {"src":"n4","dest":"c14","body":{"in_reply_to":23,"messages":[45,55,18,48,52,60,1,21,24,29],"type":"read_ok"}}
2026/10/06 15:10:17 Received {c14 n4 {"type":"read","msg_id":24}}
2026/10/06 15:10:17 Sent {"src":"n4","dest":"c14","body":{"in_reply_to":24,"messages":[45,55,18,48,52,60,1,21,24,29],"type":"read_ok"}}
2026/10/06 15:10:18 Received {c14 n4 {"type":"read","msg_id":25}}
2026/10/06 15:10:18 Sent {"src":"n4","dest":"c14","body":{"in_reply_to":25,"messages":[48,52,60,1,21,24,29,45,55,18],"type":"read_ok"}}
2026/10/06 15:10:19 Received {c14 n4 {"type":"read","msg_id":26}}
2026/10/06 15:10:19 Sent {"src":"n4","dest":"c14","body":{"in_reply_to":26,"messages":[18,48,52,60,1,21,24,29,45,55],"type":"read_ok"}}
2026/10/06 15:10:19 Received {c14 n4 {"type":"read","msg_id":27}}
2026/10/06 15:10:19 Sent {"src":"n4","dest":"c14","body":{"in_reply_to":27,"messages":[1,21,24,29,45,55,18,48,52,60],"type":"read_ok"}}
2026/10/06 15:10:20 Received {c14 n4 {"type":"broadcast","message":74,"msg_id":28}}
2026/10/06 15:10:20 Sent {"src":"n4","dest":"c14","body":{"in_reply_to":28,"type":"broadcast_ok"}}
2026/10/06 15:10:21 Received {c14 n4 {"type":"read","msg_id":29}}
2026/10/06 15:10:21 Sent {"src":"n4","dest":"c14","body":{"in_reply_to":29,"messages":[55,74,18,48,52,60,1,21,24,29,45],"type":"read_ok"}}
2026/10/06 15:10:21 Received {c14 n4 {"type":"broadcast","message":80,"msg_id":30}}
2026/10/06 15:10:21 Sent {"src":"n4","dest":"c14","body":{"in_reply_to":30,"type":"broadcast_ok"}}
2026/10/06 15:10:22 Received {c14 n4 {"type":"read","msg_id":31}}
2026/10/06 15:10:22 Sent {"src":"n4","dest":"c14","body":{"in_reply_to":31,"messages":[45,55,74,18,48,52,60,80,1,21,24,29],"type":"read_ok"}}
2026/10/06 15:10:32 Received {c14 n4 {"type":"read","msg_id":32}}
2026/10/06 15:10:32 Sent {"src":"n4","dest":"c14","body":{"in_reply_to":32,"messages":[48,52,60,80,1,21,24,29,45,55,74,18],"type":"read_ok"}}
