2026/10/06 14:27:00 Received {c1 n1 {"type":"init","node_id":"n1","node_ids":["n0","n1","n2","n3","n4"],"msg_id":1}}
2026/10/06 14:27:00 Node n1 initialized
2026/10/06 14:27:00 Sent {"src":"n1","dest":"c1","body":{"in_reply_to":1,"type":"init_ok"}}
2026/10/06 14:27:00 Received {c6 n1 {"type":"topology","topology":{"n0":["n3","n1"],"n1":["n4","n2","n0"],"n2":["n1"],"n3":["n0","n4"],"n4":["n1","n3"]},"msg_id":1}}
2026/10/06 14:27:00 Sent {"src":"n1","dest":"c6","body":{"in_reply_to":1,"type":"topology_ok"}}
2026/10/06 14:27:00 Received {c11 n1 {"type":"broadcast","message":1,"msg_id":1}}
2026/10/06 14:27:00 Sent {"src":"n1","dest":"c11","body":{"in_reply_to":1,"type":"broadcast_ok"}}
2026/10/06 14:27:00 Received {c11 n1 {"type":"read","msg_id":2}}
2026/10/06 14:27:00 Sent {"src":"n1","dest":"c11","body":{"in_reply_to":2,"messages":[1],"type":"read_ok"}}
2026/10/06 14:27:01 Received {c11 n1 {"type":"read","msg_id":3}}
2026/10/06 14:27:01 Sent {"src":"n1","dest":"c11","body":{"in_reply_to":3,"messages":[1],"type":"read_ok"}}
2026/10/06 14:27:01 Received {c11 n1 {"type":"read","msg_id":4}}
2026/10/06 14:27:01 Sent {"src":"n1","dest":"c11","body":{"in_reply_to":4,"messages":[1],"type":"read_ok"}}
2026/10/06 14:27:02 Received {c11 n1 {"type":"broadcast","message":13,"msg_id":5}}
2026/10/06 14:27:02 Sent {"src":"n1","dest":"c11","body":{"in_reply_to":5,"type":"broadcast_ok"}}
2026/10/06 14:27:03 Received {c11 n1 {"type":"read","msg_id":6}}
2026/10/06 14:27:03 Sent {"src":"n1","dest":"c11","body":{"in_reply_to":6,"messages":[1,13],"type":"read_ok"}}
2026/10/06 14:27:03 Received {c11 n1 {"type":"read","msg_id":7}}
2026/10/06 14:27:03 Sent {"src":"n1","dest":"c11","body":{"in_reply_to":7,"messages":[1,13],"type":"read_ok"}}
2026/10/06 14:27:04 Received {c11 n1 {"type":"read","msg_id":8}}
2026/10/06 14:27:04 Sent {"src":"n1","dest":"c11","body":{"in_reply_to":8,"messages":[1,13],"type":"read_ok"}}
2026/10/06 14:27:04 Received {c11 n1 {"type":"read","msg_id":9}}
2026/10/06 14:27:04 Sent {"src":"n1","dest":"c11","body":{"in_reply_to":9,"messages":[1,13],"type":"read_ok"}}
2026/10/06 14:27:05 Received {c11 n1 {"type":"broadcast","message":23,"msg_id":10}}
2026/10/06 14:27:05 Sent {"src":"n1","dest":"c11","body":{"in_reply_to":10,"type":"broadcast_ok"}}
2026/10/06 14:27:05 Received {c11 n1 {"type":"read","msg_id":11}}
2026/10/06 14:27:05 Sent {"src":"n1","dest":"c11","body":{"in_reply_to":11,"messages":[1,13,23],"type":"read_ok"}}
2026/10/06 14:27:06 Received {c11 n1 {"type":"broadcast","message":27,"msg_id":12}}
2026/10/06 14:27:06 Sent {"src":"n1","dest":"c11","body":{"in_reply_to":12,"type":"broadcast_ok"}}
2026/10/06 14:27:06 Received {c11 n1 {"type":"read","msg_id":13}}
2026/10/06 14:27:06 Sent {"src":"n1","dest":"c11","body":{"in_reply_to":13,"messages":[27,1,13,23],"type":"read_ok"}}
2026/10/06 14:27:07 Received {c11 n1 {"type":"broadcast","message":35,"msg_id":14}}
2026/10/06 14:27:07 Sent {"src":"n1","dest":"c11","body":{"in_reply_to":14,"type":"broadcast_ok"}}
2026/10/06 14:27:08 Received {c11 n1 {"type":"read","msg_id":15}}
2026/10/06 14:27:08 Sent {"src":"n1","dest":"c11","body":{"in_reply_to":15,"messages":[1,13,23,27,35],"type":"read_ok"}}
2026/10/06 14:27:08 Received {c11 n1 {"type":"broadcast","message":39,"msg_id":16}}
2026/10/06 14:27:08 Sent {"src":"n1","dest":"c11","body":{"in_reply_to":16,"type":"broadcast_ok"}}
2026/10/06 14:27:09 Received {c11 n1 {"type":"broadcast","message":43,"msg_id":17}}
2026/10/06 14:27:09 Sent {"src":"n1","dest":"c11","body":{"in_reply_to":17,"type":"broadcast_ok"}}
2026/10/06 14:27:09 Received {c11 n1 {"type":"broadcast","message":47,"msg_id":18}}
2026/10/06 14:27:09 Sent {"src":"n1","dest":"c11","body":{"in_reply_to":18,"type":"broadcast_ok"}}
2026/10/06 14:27:10 Received {c11 n1 {"type":"broadcast","message":51,"msg_id":19}}
2026/10/06 14:27:10 Sent {"src":"n1","dest":"c11","body":{"in_reply_to":19,"type":"broadcast_ok"}}
2026/10/06 14:27:11 Received {c11 n1 {"type":"read","msg_id":20}}
2026/10/06 14:27:11 Sent {"src":"n1","dest":"c11","body":{"in_reply_to":20,"messages":[1,27,35,47,51,13,23,39,43],"type":"read_ok"}}
2026/10/06 14:27:11 Received {c11 n1 {"type":"broadcast","message":57,"msg_id":21}}
2026/10/06 14:27:11 Sent {"src":"n1","dest":"c11","body":{"in_reply_to":21,"type":"broadcast_ok"}}
2026/10/06 14:27:12 Received {c11 n1 {"type":"read","msg_id":22}}
2026/10/06 14:27:12 Sent {"src":"n1","dest":"c11","body":{"in_reply_to":22,"messages":[13,23,39,43,57,1,27,35,47,51],"type":"read_ok"}}
2026/10/06 14:27:12 Received {c11 n1 {"type":"read","msg_id":23}}
2026/10/06 14:27:12 Sent {"src":"n1","dest":"c11","body":{"in_reply_to":23,"messages":[47,51,13,23,39,43,57,1,27,35],"type":"read_ok"}}
2026/10/06 14:27:13 Received {c11 n1 {"type":"read","msg_id":24}}
2026/10/06 14:27:13 Sent {"src":"n1","dest":"c11","body":{"in_reply_to":24,"messages":[13,23,39,43,57,1,27,35,47,51],"type":"read_ok"}}
2026/10/06 14:27:13 Received {c11 n1 {"type":"broadcast","message":68,"msg_id":25}}
2026/10/06 14:27:13 Sent {"src":"n1","dest":"c11","body":{"in_reply_to":25,"type":"broadcast_ok"}}
2026/10/06 14:27:14 Received {c11 n1 {"type":"read","msg_id":26}}
2026/10/06 14:27:14 Sent {"src":"n1","dest":"c11","body":{"in_reply_to":26,"messages":[13,23,39,43,57,1,27,35,47,51,68],"type":"read_ok"}}
2026/10/06 14:27:15 Received {c11 n1 {"type":"broadcast","message":73,"msg_id":27}}
2026/10/06 14:27:15 Sent {"src":"n1","dest":"c11","body":{"in_reply_to":27,"type":"broadcast_ok"}}
2026/10/06 14:27:15 Received {c11 n1 {"type":"read","msg_id":28}}
2026/10/06 14:27:15 Sent {"src":"n1","dest":"c11","body":{"in_reply_to":28,"messages":[35,47,51,68,13,23,39,43,57,73,1,27],"type":"read_ok"}}
2026/10/06 14:27:16 Received {c11 n1 {"type":"read","msg_id":29}}
2026/10/06 14:27:16 Sent {"src":"n1","dest":"c11","body":{"in_reply_to":29,"messages":[1,27,35,47,51,68,13,23,39,43,57,73],"type":"read_ok"}}
2026/10/06 14:27:16 Received {c11 n1 {"type":"broadcast","message":83,"msg_id":30}}
2026/10/06 14:27:16 Sent {"src":"n1","dest":"c11","body":{"in_reply_to":30,"type":"broadcast_ok"}}
2026/10/06 14:27:17 Received {c11 n1 {"type":"broadcast","message":89,"msg_id":31}}
2026/10/06 14:27:17 Sent {"src":"n1","dest":"c11","body":{"in_reply_to":31,"type":"broadcast_ok"}}
2026/10/06 14:27:17 Received {c11 n1 {"type":"broadcast","message":91,"msg_id":32}}
2026/10/06 14:27:17 Sent {"src":"n1","dest":"c11","body":{"in_reply_to":32,"type":"broadcast_ok"}}
2026/10/06 14:27:18 Received {c11 n1 {"type":"read","msg_id":33}}
2026/10/06 14:27:18 Sent {"src":"n1","dest":"c11","body":{"in_reply_to":33,"messages":[27,35,47,51,68,23,57,91,1,89,13,39,43,73,83],"type":"read_ok"}}
2026/10/06 14:27:19 Received {c11 n1 {"type":"read","msg_id":34}}
2026/10/06 14:27:19 Sent {"src":"n1","dest":"c11","body":{"in_reply_to":34,"messages":[27,35,47,51,68,23,57,91,1,89,13,39,43,73,83],"type":"read_ok"}}
2026/10/06 14:27:30 Received {c11 n1 {"type":"read","msg_id":35}}
2026/10/06 14:27:30 Sent {"src":"n1","dest":"c11","body":{"in_reply_to":35,"messages":[68,23,57,91,1,89,13,39,43,73,83,27,35,47,51],"type":"read_ok"}}
