2026/10/06 14:59:31 Received {c3 n1 {"type":"init","node_id":"n1","node_ids":["n0","n1","n2","n3","n4"],"msg_id":1}}
2026/10/06 14:59:31 Node n1 initialized
2026/10/06 14:59:31 Sent {"src":"n1","dest":"c3","body":{"in_reply_to":1,"type":"init_ok"}}
2026/10/06 14:59:31 Received {c6 n1 {"type":"topology","topology":{"n0":["n3","n1"],"n1":["n4","n2","n0"],"n2":["n1"],"n3":["n0","n4"],"n4":["n1","n3"]},"msg_id":1}}
2026/10/06 14:59:31 Sent {"src":"n1","dest":"c6","body":{"in_reply_to":1,"type":"topology_ok"}}
2026/10/06 14:59:31 Received {c11 n1 {"type":"broadcast","message":0,"msg_id":1}}
2026/10/06 14:59:31 Sent {"src":"n1","dest":"c11","body":{"in_reply_to":1,"type":"broadcast_ok"}}
2026/10/06 14:59:32 Received {c11 n1 {"type":"broadcast","message":6,"msg_id":2}}
2026/10/06 14:59:32 Sent {"src":"n1","dest":"c11","body":{"in_reply_to":2,"type":"broadcast_ok"}}
2026/10/06 14:59:32 Received {c11 n1 {"type":"broadcast","message":9,"msg_id":3}}
2026/10/06 14:59:32 Sent {"src":"n1","dest":"c11","body":{"in_reply_to":3,"type":"broadcast_ok"}}
2026/10/06 14:59:33 Received {c11 n1 {"type":"read","msg_id":4}}
2026/10/06 14:59:33 Sent {"src":"n1","dest":"c11","body":{"in_reply_to":4,"messages":[9,0,6],"type":"read_ok"}}
2026/10/06 14:59:34 Received {c11 n1 {"type":"broadcast","message":16,"msg_id":5}}
2026/10/06 14:59:34 Sent {"src":"n1","dest":"c11","body":{"in_reply_to":5,"type":"broadcast_ok"}}
2026/10/06 14:59:34 Received {c11 n1 {"type":"read","msg_id":6}}
2026/10/06 14:59:34 Sent {"src":"n1","dest":"c11","body":{"in_reply_to":6,"messages":[0,6,9,16],"type":"read_ok"}}
2026/10/06 14:59:35 Received {c11 n1 {"type":"read","msg_id":7}}
2026/10/06 14:59:35 Sent {"src":"n1","dest":"c11","body":{"in_reply_to":7,"messages":[0,6,9,16],"type":"read_ok"}}
2026/10/06 14:59:35 Received {c11 n1 {"type":"broadcast","message":26,"msg_id":8}}
2026/10/06 14:59:35 Sent {"src":"n1","dest":"c11","body":{"in_reply_to":8,"type":"broadcast_ok"}}
2026/10/06 14:59:36 Received {c11 n1 {"type":"broadcast","message":28,"msg_id":9}}
2026/10/06 14:59:36 Sent {"src":"n1","dest":"c11","body":{"in_reply_to":9,"type":"broadcast_ok"}}
2026/10/06 14:59:36 Received {c11 n1 {"type":"read","msg_id":10}}
2026/10/06 14:59:36 Sent {"src":"n1","dest":"c11","body":{"in_reply_to":10,"messages":[6,9,16,26,28,0],"type":"read_ok"}}
2026/10/06 14:59:37 Received {c11 n1 {"type":"broadcast","message":33,"msg_id":11}}
2026/10/06 14:59:37 Sent {"src":"n1","dest":"c11","body":{"in_reply_to":11,"type":"broadcast_ok"}}
2026/10/06 14:59:38 Received {c11 n1 {"type":"read","msg_id":12}}
2026/10/06 14:59:38 Sent {"src":"n1","dest":"c11","body":{"in_reply_to":12,"messages":[0,6,9,16,26,28,33],"type":"read_ok"}}
2026/10/06 14:59:38 Received {c11 n1 {"type":"read","msg_id":13}}
2026/10/06 14:59:38 Sent {"src":"n1","dest":"c11","body":{"in_reply_to":13,"messages":[26,28,33,0,6,9,16],"type":"read_ok"}}
2026/10/06 14:59:39 Received {c11 n1 {"type":"broadcast","message":40,"msg_id":14}}
2026/10/06 14:59:39 Sent {"src":"n1","dest":"c11","body":{"in_reply_to":14,"type":"broadcast_ok"}}
2026/10/06 14:59:39 Received {c11 n1 {"type":"read","msg_id":15}}
2026/10/06 14:59:39 Sent {"src":"n1","dest":"c11","body":{"in_reply_to":15,"messages":[26,28,33,40,0,6,9,16],"type":"read_ok"}}
2026/10/06 14:59:40 Received {c11 n1 {"type":"read","msg_id":16}}
2026/10/06 14:59:40 Sent {"src":"n1","dest":"c11","body":{"in_reply_to":16,"messages":[9,16,26,28,33,40,0,6],"type":"read_ok"}}
2026/10/06 14:59:40 Received {c11 n1 {"type":"read","msg_id":17}}
2026/10/06 14:59:40 Sent {"src":"n1","dest":"c11","body":{"in_reply_to":17,"messages":[33,40,0,6,9,16,26,28],"type":"read_ok"}}
2026/10/06 14:59:41 Received {c11 n1 {"type":"read","msg_id":18}}
2026/10/06 14:59:41 Sent {"src":"n1","dest":"c11","body":{"in_reply_to":18,"messages":[16,26,28,33,40,0,6,9],"type":"read_ok"}}
2026/10/06 14:59:42 Received {c11 n1 {"type":"broadcast","message":51,"msg_id":19}}
2026/10/06 14:59:42 Sent {"src":"n1","dest":"c11","body":{"in_reply_to":19,"type":"broadcast_ok"}}
2026/10/06 14:59:42 Received {c11 n1 {"type":"broadcast","message":56,"msg_id":20}}
2026/10/06 14:59:42 Sent {"src":"n1","dest":"c11","body":{"in_reply_to":20,"type":"broadcast_ok"}}
2026/10/06 14:59:43 Received {c11 n1 {"type":"broadcast","message":58,"msg_id":21}}
2026/10/06 14:59:43 Sent {"src":"n1","dest":"c11","body":{"in_reply_to":21,"type":"broadcast_ok"}}
2026/10/06 14:59:44 Received {c11 n1 {"type":"read","msg_id":22}}
2026/10/06 14:59:44 Sent {"src":"n1","dest":"c11","body":{"in_reply_to":22,"messages":[58,16,26,28,40,51,56,0,6,9,33],"type":"read_ok"}}
2026/10/06 14:59:44 Received {c11 n1 {"type":"read","msg_id":23}}
2026/10/06 14:59:44 Sent {"src":"n1","dest":"c11","body":{"in_reply_to":23,"messages":[16,26,28,40,51,56,0,6,9,33,58],"type":"read_ok"}}
2026/10/06 14:59:45 Received {c11 n1 {"type":"broadcast","message":64,"msg_id":24}}
2026/10/06 14:59:45 Sent {"src":"n1","dest":"c11","body":{"in_reply_to":24,"type":"broadcast_ok"}}
2026/10/06 14:59:45 Received {c11 n1 {"type":"broadcast","message":67,"msg_id":25}}
2026/10/06 14:59:45 Sent {"src":"n1","dest":"c11","body":{"in_reply_to":25,"type":"broadcast_ok"}}
2026/10/06 14:59:46 Received {c11 n1 {"type":"read","msg_id":26}}
2026/10/06 14:59:46 Sent {"src":"n1","dest":"c11","body":{"in_reply_to":26,"messages":[16,26,28,40,51,56,64,67,0,6,9,33,58],"type":"read_ok"}}
2026/10/06 14:59:47 Received {c11 n1 {"type":"read","msg_id":27}}
2026/10/06 14:59:47 Sent {"src":"n1","dest":"c11","body":{"in_reply_to":27,"messages":[16,26,28,40,51,56,64,67,0,6,9,33,58],"type":"read_ok"}}
2026/10/06 14:59:47 Received {c11 n1 {"type":"read","msg_id":28}}
2026/10/06 14:59:47 Sent {"src":"n1","dest":"c11","body":{"in_reply_to":28,"messages":[51,56,64,67,0,6,9,33,58,16,26,28,40],"type":"read_ok"}}
2026/10/06 14:59:47 Received {c11 n1 {"type":"broadcast","message":79,"msg_id":29}}
2026/10/06 14:59:47 Sent {"src":"n1","dest":"c11","body":{"in_reply_to":29,"type":"broadcast_ok"}}
2026/10/06 14:59:48 Received {c11 n1 {"type":"broadcast","message":80,"msg_id":30}}
2026/10/06 14:59:48 Sent {"src":"n1","dest":"c11","body":{"in_reply_to":30,"type":"broadcast_ok"}}
2026/10/06 14:59:48 Received {c11 n1 {"type":"read","msg_id":31}}
2026/10/06 14:59:48 Sent {"src":"n1","dest":"c11","body":{"in_reply_to":31,"messages":[16,26,40,51,56,0,58,28,64,67,80,6,9,33,79],"type":"read_ok"}}
2026/10/06 14:59:49 Received {c11 n1 {"type":"read","msg_id":32}}
2026/10/06 14:59:49 Sent {"src":"n1","dest":"c11","body":{"in_reply_to":32,"messages":[9,33,79,16,26,40,51,56,0,58,28,64,67,80,6],"type":"read_ok"}}
2026/10/06 14:59:49 Received {c11 n1 {"type":"broadcast","message":87,"msg_id":33}}
2026/10/06 14:59:49 Sent {"src":"n1","dest":"c11","body":{"in_reply_to":33,"type":"broadcast_ok"}}
2026/10/06 14:59:50 Received {c11 n1 {"type":"read","msg_id":34}}
2026/10/06 14:59:50 Sent {"src":"n1","dest":"c11","body":{"in_reply_to":34,"messages":[56,0,58,87,28,64,67,80,6,9,33,79,16,26,40,51],"type":"read_ok"}}
2026/10/06 14:59:50 Received {c11 n1 {"type":"read","msg_id":35}}
2026/10/06 14:59:50 Sent {"src":"n1","dest":"c11","body":{"in_reply_to":35,"messages":[16,26,40,51,56,0,58,87,28,64,67,80,6,9,33,79],"type":"read_ok"}}
2026/10/06 14:59:51 Received {c11 n1 {"type":"broadcast","message":93,"msg_id":36}}
2026/10/06 14:59:51 Sent {"src":"n1","dest":"c11","body":{"in_reply_to":36,"type":"broadcast_ok"}}
2026/10/06 15:00:01 Received {c11 n1 {"type":"read","msg_id":37}}
2026/10/06 15:00:01 Sent {"src":"n1","dest":"c11","body":{"in_reply_to":37,"messages":[28,64,67,80,6,9,33,79,16,26,40,51,56,93,0,58,87],"type":"read_ok"}}
