2026/10/06 14:59:31 Received {c0 n2 {"type":"init","node_id":"n2","node_ids":["n0","n1","n2","n3","n4"],"msg_id":1}}
2026/10/06 14:59:31 Node n2 initialized
2026/10/06 14:59:31 Sent {"src":"n2","dest":"c0","body":{"in_reply_to":1,"type":"init_ok"}}
2026/10/06 14:59:31 Received {c7 n2 {"type":"topology","topology":{"n0":["n3","n1"],"n1":["n4","n2","n0"],"n2":["n1"],"n3":["n0","n4"],"n4":["n1","n3"]},"msg_id":1}}
2026/10/06 14:59:31 Sent {"src":"n2","dest":"c7","body":{"in_reply_to":1,"type":"topology_ok"}}
2026/10/06 14:59:31 Received {c12 n2 {"type":"broadcast","message":1,"msg_id":1}}
2026/10/06 14:59:31 Sent {"src":"n2","dest":"c12","body":{"in_reply_to":1,"type":"broadcast_ok"}}
2026/10/06 14:59:32 Received {c12 n2 {"type":"read","msg_id":2}}
2026/10/06 14:59:32 Sent {"src":"n2","dest":"c12","body":{"in_reply_to":2,"messages":[1],"type":"read_ok"}}
2026/10/06 14:59:33 Received {c12 n2 {"type":"read","msg_id":3}}
2026/10/06 14:59:33 Sent {"src":"n2","dest":"c12","body":{"in_reply_to":3,"messages":[1],"type":"read_ok"}}
2026/10/06 14:59:33 Received {c12 n2 {"type":"broadcast","message":12,"msg_id":4}}
2026/10/06 14:59:33 Sent {"src":"n2","dest":"c12","body":{"in_reply_to":4,"type":"broadcast_ok"}}
2026/10/06 14:59:34 Received {c12 n2 {"type":"read","msg_id":5}}
2026/10/06 14:59:34 Sent {"src":"n2","dest":"c12","body":{"in_reply_to":5,"messages":[1,12],"type":"read_ok"}}
2026/10/06 14:59:34 Received {c12 n2 {"type":"broadcast","message":19,"msg_id":6}}
2026/10/06 14:59:34 Sent {"src":"n2","dest":"c12","body":{"in_reply_to":6,"type":"broadcast_ok"}}
2026/10/06 14:59:35 Received {c12 n2 {"type":"broadcast","message":23,"msg_id":7}}
2026/10/06 14:59:35 Sent {"src":"n2","dest":"c12","body":{"in_reply_to":7,"type":"broadcast_ok"}}
2026/10/06 14:59:36 Received {c12 n2 {"type":"read","msg_id":8}}
2026/10/06 14:59:36 Sent {"src":"n2","dest":"c12","body":{"in_reply_to":8,"messages":[23,1,12,19],"type":"read_ok"}}
2026/10/06 14:59:36 Received {c12 n2 {"type":"broadcast","message":29,"msg_id":9}}
2026/10/06 14:59:36 Sent {"src":"n2","dest":"c12","body":{"in_reply_to":9,"type":"broadcast_ok"}}
2026/10/06 14:59:36 Received {c12 n2 {"type":"broadcast","message":31,"msg_id":10}}
2026/10/06 14:59:36 Sent {"src":"n2","dest":"c12","body":{"in_reply_to":10,"type":"broadcast_ok"}}
2026/10/06 14:59:37 Received {c12 n2 {"type":"broadcast","message":34,"msg_id":11}}
2026/10/06 14:59:37 Sent {"src":"n2","dest":"c12","body":{"in_reply_to":11,"type":"broadcast_ok"}}
2026/10/06 14:59:38 Received {c12 n2 {"type":"read","msg_id":12}}
2026/10/06 14:59:38 Sent {"src":"n2","dest":"c12","body":{"in_reply_to":12,"messages":[1,12,19,23,29,31,34],"type":"read_ok"}}
2026/10/06 14:59:38 Received {c12 n2 {"type":"read","msg_id":13}}
2026/10/06 14:59:38 Sent {"src":"n2","dest":"c12","body":{"in_reply_to":13,"messages":[19,23,29,31,34,1,12],"type":"read_ok"}}
2026/10/06 14:59:39 Received {c12 n2 {"type":"broadcast","message":41,"msg_id":14}}
2026/10/06 14:59:39 Sent {"src":"n2","dest":"c12","body":{"in_reply_to":14,"type":"broadcast_ok"}}
2026/10/06 14:59:39 Received {c12 n2 {"type":"broadcast","message":44,"msg_id":15}}
2026/10/06 14:59:39 Sent {"src":"n2","dest":"c12","body":{"in_reply_to":15,"type":"broadcast_ok"}}
2026/10/06 14:59:40 Received {c12 n2 {"type":"read","msg_id":16}}
2026/10/06 14:59:40 Sent {"src":"n2","dest":"c12","body":{"in_reply_to":16,"messages":[29,31,34,41,44,23,1,12,19],"type":"read_ok"}}
2026/10/06 14:59:40 Received {c12 n2 {"type":"read","msg_id":17}}
2026/10/06 14:59:40 Sent {"src":"n2","dest":"c12","body":{"in_reply_to":17,"messages":[12,19,29,31,34,41,44,23,1],"type":"read_ok"}}
2026/10/06 14:59:41 Received {c12 n2 {"type":"broadcast","message":49,"msg_id":18}}
2026/10/06 14:59:41 Sent {"src":"n2","dest":"c12","body":{"in_reply_to":18,"type":"broadcast_ok"}}
2026/10/06 14:59:42 Received {c12 n2 {"type":"broadcast","message":52,"msg_id":19}}
2026/10/06 14:59:42 Sent {"src":"n2","dest":"c12","body":{"in_reply_to":19,"type":"broadcast_ok"}}
2026/10/06 14:59:42 Received {c12 n2 {"type":"read","msg_id":20}}
2026/10/06 14:59:42 Sent {"src":"n2","dest":"c12","body":{"in_reply_to":20,"messages":[34,41,44,23,49,52,1,12,19,29,31],"type":"read_ok"}}
2026/10/06 14:59:43 Received {c12 n2 {"type":"read","msg_id":21}}
2026/10/06 14:59:43 Sent {"src":"n2","dest":"c12","body":{"in_reply_to":21,"messages":[1,12,19,29,31,34,41,44,23,49,52],"type":"read_ok"}}
2026/10/06 14:59:44 Received {c12 n2 {"type":"read","msg_id":22}}
2026/10/06 14:59:44 Sent {"src":"n2","dest":"c12","body":{"in_reply_to":22,"messages":[1,12,19,29,31,34,41,44,23,49,52],"type":"read_ok"}}
2026/10/06 14:59:44 Received {c12 n2 {"type":"broadcast","message":61,"msg_id":23}}
2026/10/06 14:59:44 Sent {"src":"n2","dest":"c12","body":{"in_reply_to":23,"type":"broadcast_ok"}}
2026/10/06 14:59:45 Received {c12 n2 {"type":"broadcast","message":65,"msg_id":24}}
2026/10/06 14:59:45 Sent {"src":"n2","dest":"c12","body":{"in_reply_to":24,"type":"broadcast_ok"}}
2026/10/06 14:59:45 Received {c12 n2 {"type":"read","msg_id":25}}
2026/10/06 14:59:45 Sent {"src":"n2","dest":"c12","body":{"in_reply_to":25,"messages":[1,12,19,29,31,34,41,44,23,49,52,61,65],"type":"read_ok"}}
2026/10/06 14:59:46 Received {c12 n2 {"type":"read","msg_id":26}}
2026/10/06 14:59:46 Sent {"src":"n2","dest":"c12","body":{"in_reply_to":26,"messages":[65,1,12,19,29,31,34,41,44,23,49,52,61],"type":"read_ok"}}
2026/10/06 14:59:47 Received {c12 n2 {"type":"broadcast","message":73,"msg_id":27}}
2026/10/06 14:59:47 Sent {"src":"n2","dest":"c12","body":{"in_reply_to":27,"type":"broadcast_ok"}}
2026/10/06 14:59:47 Received {c12 n2 {"type":"read","msg_id":28}}
2026/10/06 14:59:47 Sent {"src":"n2","dest":"c12","body":{"in_reply_to":28,"messages":[61,65,73,1,12,19,29,31,34,41,44,23,49,52],"type":"read_ok"}}
2026/10/06 14:59:48 Received {c12 n2 {"type":"read","msg_id":29}}
2026/10/06 14:59:48 Sent {"src":"n2","dest":"c12","body":{"in_reply_to":29,"messages":[1,12,19,29,31,34,41,44,23,49,52,61,65,73],"type":"read_ok"}}
2026/10/06 14:59:48 Received {c12 n2 {"type":"read","msg_id":30}}
2026/10/06 14:59:48 Sent {"src":"n2","dest":"c12","body":{"in_reply_to":30,"messages":[1,12,19,29,31,34,41,44,23,49,52,61,65,73],"type":"read_ok"}}
2026/10/06 14:59:49 Received {c12 n2 {"type":"read","msg_id":31}}
2026/10/06 14:59:49 Sent {"src":"n2","dest":"c12","body":{"in_reply_to":31,"messages":[65,73,1,12,19,29,31,34,41,44,23,49,52,61],"type":"read_ok"}}
2026/10/06 14:59:49 Received {c12 n2 {"type":"read","msg_id":32}}
2026/10/06 14:59:49 Sent {"src":"n2","dest":"c12","body":{"in_reply_to":32,"messages":[34,41,44,23,49,52,61,65,73,1,12,19,29,31],"type":"read_ok"}}
2026/10/06 14:59:50 Received {c12 n2 {"type":"broadcast","message":89,"msg_id":33}}
2026/10/06 14:59:50 Sent {"src":"n2","dest":"c12","body":{"in_reply_to":33,"type":"broadcast_ok"}}
2026/10/06 14:59:50 Received {c12 n2 {"type":"read","msg_id":34}}
2026/10/06 14:59:50 Sent {"src":"n2","dest":"c12","body":{"in_reply_to":34,"messages":[23,49,61,65,73,1,12,31,44,89,52,19,29,34,41],"type":"read_ok"}}
2026/10/06 14:59:51 Received {c12 n2 {"type":"broadcast","message":94,"msg_id":35}}
2026/10/06 14:59:51 Sent {"src":"n2","dest":"c12","body":{"in_reply_to":35,"type":"broadcast_ok"}}
2026/10/06 15:00:01 Received {c12 n2 {"type":"read","msg_id":36}}
2026/10/06 15:00:01 Sent {"src":"n2","dest":"c12","body":{"in_reply_to":36,"messages":[19,29,34,41,23,49,61,65,73,1,12,31,44,89,52,94],"type":"read_ok"}}
