2026/10/06 14:59:31 Received {c1 n4 {"type":"init","node_id":"n4","node_ids":["n0","n1","n2","n3","n4"],"msg_id":1}}
2026/10/06 14:59:31 Node n4 initialized
2026/10/06 14:59:31 Sent {"src":"n4","dest":"c1","body":{"in_reply_to":1,"type":"init_ok"}}
2026/10/06 14:59:31 Received {c9 n4 {"type":"topology","topology":{"n0":["n3","n1"],"n1":["n4","n2","n0"],"n2":["n1"],"n3":["n0","n4"],"n4":["n1","n3"]},"msg_id":1}}
2026/10/06 14:59:31 Sent {"src":"n4","dest":"c9","body":{"in_reply_to":1,"type":"topology_ok"}}
2026/10/06 14:59:32 Received {c14 n4 {"type":"broadcast","message":3,"msg_id":1}}
2026/10/06 14:59:32 Sent {"src":"n4","dest":"c14","body":{"in_reply_to":1,"type":"broadcast_ok"}}
2026/10/06 14:59:32 Received {c14 n4 {"type":"read","msg_id":2}}
2026/10/06 14:59:32 Sent {"src":"n4","dest":"c14","body":{"in_reply_to":2,"messages":[3],"type":"read_ok"}}
2026/10/06 14:59:33 Received {c14 n4 {"type":"read","msg_id":3}}
2026/10/06 14:59:33 Sent {"src":"n4","dest":"c14","body":{"in_reply_to":3,"messages":[3],"type":"read_ok"}}
2026/10/06 14:59:33 Received {c14 n4 {"type":"broadcast","message":14,"msg_id":4}}
2026/10/06 14:59:33 Sent {"src":"n4","dest":"c14","body":{"in_reply_to":4,"type":"broadcast_ok"}}
2026/10/06 14:59:34 Received {c14 n4 {"type":"read","msg_id":5}}
2026/10/06 14:59:34 Sent {"src":"n4","dest":"c14","body":{"in_reply_to":5,"messages":[3,14],"type":"read_ok"}}
2026/10/06 14:59:34 Received {c14 n4 {"type":"broadcast","message":21,"msg_id":6}}
2026/10/06 14:59:34 Sent {"src":"n4","dest":"c14","body":{"in_reply_to":6,"type":"broadcast_ok"}}
2026/10/06 14:59:35 Received {c14 n4 {"type":"broadcast","message":24,"msg_id":7}}
2026/10/06 14:59:35 Sent {"src":"n4","dest":"c14","body":{"in_reply_to":7,"type":"broadcast_ok"}}
2026/10/06 14:59:36 Received {c14 n4 {"type":"broadcast","message":27,"msg_id":8}}
2026/10/06 14:59:36 Sent {"src":"n4","dest":"c14","body":{"in_reply_to":8,"type":"broadcast_ok"}}
2026/10/06 14:59:36 Received {c14 n4 {"type":"broadcast","message":30,"msg_id":9}}
2026/10/06 14:59:36 Sent {"src":"n4","dest":"c14","body":{"in_reply_to":9,"type":"broadcast_ok"}}
2026/10/06 14:59:37 Received {c14 n4 {"type":"read","msg_id":10}}
2026/10/06 14:59:37 Sent {"src":"n4","dest":"c14","body":{"in_reply_to":10,"messages":[30,3,14,21,24,27],"type":"read_ok"}}
2026/10/06 14:59:37 Received {c14 n4 {"type":"broadcast","message":35,"msg_id":11}}
2026/10/06 14:59:37 Sent {"src":"n4","dest":"c14","body":{"in_reply_to":11,"type":"broadcast_ok"}}
2026/10/06 14:59:38 Received {c14 n4 {"type":"read","msg_id":12}}
2026/10/06 14:59:38 Sent {"src":"n4","dest":"c14","body":{"in_reply_to":12,"messages":[3,14,21,24,27,30,35],"type":"read_ok"}}
2026/10/06 14:59:38 Received {c14 n4 {"type":"read","msg_id":13}}
2026/10/06 14:59:38 Sent {"src":"n4","dest":"c14","body":{"in_reply_to":13,"messages":[30,35,3,14,21,24,27],"type":"read_ok"}}
2026/10/06 14:59:39 Received {c14 n4 {"type":"read","msg_id":14}}
2026/10/06 14:59:39 Sent {"src":"n4","dest":"c14","body":{"in_reply_to":14,"messages":[3,14,21,24,27,30,35],"type":"read_ok"}}
2026/10/06 14:59:40 Received {c14 n4 {"type":"broadcast","message":45,"msg_id":15}}
2026/10/06 14:59:40 Sent {"src":"n4","dest":"c14","body":{"in_reply_to":15,"type":"broadcast_ok"}}
2026/10/06 14:59:40 Received {c14 n4 {"type":"read","msg_id":16}}
2026/10/06 14:59:40 Sent {"src":"n4","dest":"c14","body":{"in_reply_to":16,"messages":[30,35,45,3,14,21,24,27],"type":"read_ok"}}
2026/10/06 14:59:41 Received {c14 n4 {"type":"read","msg_id":17}}
2026/10/06 14:59:41 Sent {"src":"n4","dest":"c14","body":{"in_reply_to":17,"messages":[3,14,21,24,27,30,35,45],"type":"read_ok"}}
2026/10/06 14:59:41 Received {c14 n4 {"type":"read","msg_id":18}}
2026/10/06 14:59:41 Sent {"src":"n4","dest":"c14","body":{"in_reply_to":18,"messages":[3,14,21,24,27,30,35,45],"type":"read_ok"}}
2026/10/06 14:59:42 Received {c14 n4 {"type":"read","msg_id":19}}
2026/10/06 14:59:42 Sent {"src":"n4","dest":"c14","body":{"in_reply_to":19,"messages":[3,14,21,24,27,30,35,45],"type":"read_ok"}}
2026/10/06 14:59:43 Received {c14 n4 {"type":"read","msg_id":20}}
2026/10/06 14:59:43 Sent {"src":"n4","dest":"c14","body":{"in_reply_to":20,"messages":[45,3,14,21,24,27,30,35],"type":"read_ok"}}
2026/10/06 14:59:43 Received {c14 n4 {"type":"read","msg_id":21}}
2026/10/06 14:59:43 Sent {"src":"n4","dest":"c14","body":{"in_reply_to":21,"messages":[14,21,24,27,30,35,45,3],"type":"read_ok"}}
2026/10/06 14:59:44 Received {c14 n4 {"type":"read","msg_id":22}}
2026/10/06 14:59:44 Sent {"src":"n4","dest":"c14","body":{"in_reply_to":22,"messages":[21,24,27,30,35,45,3,14],"type":"read_ok"}}
2026/10/06 14:59:44 Received {c14 n4 {"type":"broadcast","message":62,"msg_id":23}}
2026/10/06 14:59:44 Sent {"src":"n4","dest":"c14","body":{"in_reply_to":23,"type":"broadcast_ok"}}
2026/10/06 14:59:45 Received {c14 n4 {"type":"read","msg_id":24}}
2026/10/06 14:59:45 Sent {"src":"n4","dest":"c14","body":{"in_reply_to":24,"messages":[3,14,21,30,45,24,27,35,62],"type":"read_ok"}}
2026/10/06 14:59:46 Received {c14 n4 {"type":"broadcast","message":68,"msg_id":25}}
2026/10/06 14:59:46 Sent {"src":"n4","dest":"c14","body":{"in_reply_to":25,"type":"broadcast_ok"}}
2026/10/06 14:59:46 Received {c14 n4 {"type":"broadcast","message":70,"msg_id":26}}
2026/10/06 14:59:46 Sent {"src":"n4","dest":"c14","body":{"in_reply_to":26,"type":"broadcast_ok"}}
2026/10/06 14:59:47 Received {c14 n4 {"type":"broadcast","message":75,"msg_id":27}}
2026/10/06 14:59:47 Sent {"src":"n4","dest":"c14","body":{"in_reply_to":27,"type":"broadcast_ok"}}
2026/10/06 14:59:47 Received {c14 n4 {"type":"broadcast","message":78,"msg_id":28}}
2026/10/06 14:59:47 Sent {"src":"n4","dest":"c14","body":{"in_reply_to":28,"type":"broadcast_ok"}}
2026/10/06 14:59:48 Received {c14 n4 {"type":"read","msg_id":29}}
2026/10/06 14:59:48 Sent {"src":"n4","dest":"c14","body":{"in_reply_to":29,"messages":[3,14,21,30,45,75,78,24,27,35,62,68,70],"type":"read_ok"}}
2026/10/06 14:59:48 Received {c14 n4 {"type":"broadcast","message":83,"msg_id":30}}
2026/10/06 14:59:48 Sent {"src":"n4","dest":"c14","body":{"in_reply_to":30,"type":"broadcast_ok"}}
2026/10/06 14:59:49 Received {c14 n4 {"type":"read","msg_id":31}}
2026/10/06 14:59:49 Sent {"src":"n4","dest":"c14","body":{"in_reply_to":31,"messages":[45,75,78,24,27,35,62,68,70,83,3,14,21,30],"type":"read_ok"}}
2026/10/06 14:59:49 Received {c14 n4 {"type":"broadcast","message":88,"msg_id":32}}
2026/10/06 14:59:49 Sent {"src":"n4","dest":"c14","body":{"in_reply_to":32,"type":"broadcast_ok"}}
2026/10/06 14:59:50 Received {c14 n4 {"type":"read","msg_id":33}}
2026/10/06 14:59:50 Sent {"src":"n4","dest":"c14","body":{"in_reply_to":33,"messages":[78,24,27,35,70,3,14,45,62,68,83,88,21,30,75],"type":"read_ok"}}
2026/10/06 14:59:50 Received {c14 n4 {"type":"read","msg_id":34}}
2026/10/06 14:59:50 Sent {"src":"n4","dest":"c14","body":{"in_reply_to":34,"messages":[62,68,83,88,21,30,75,78,24,27,35,70,3,14,45],"type":"read_ok"}}
2026/10/06 14:59:51 Received {c14 n4 {"type":"broadcast","message":95,"msg_id":35}}
2026/10/06 14:59:51 Sent {"src":"n4","dest":"c14","body":{"in_reply_to":35,"type":"broadcast_ok"}}
2026/10/06 15:00:01 Received {c14 n4 {"type":"read","msg_id":36}}
2026/10/06 15:00:01 Sent {"src":"n4","dest":"c14","body":{"in_reply_to":36,"messages":[24,27,35,70,3,14,45,62,68,83,88,21,30,75,78,95],"type":"read_ok"}}
