2026-10-06 14:59:30,346{GMT}	INFO	[jepsen test runner] jepsen.core: Test version 05feed1f1a66289313f0d55c9a0ae8c7eca279e5 (plus uncommitted changes)
2026-10-06 14:59:30,347{GMT}	INFO	[jepsen test runner] jepsen.core: Command line:
lein run test -w broadcast --bin /home/morgankim/go/bin/maelstrom-broadcast --node-count 5 --time-limit 20 --rate 10
2026-10-06 14:59:30,443{GMT}	INFO	[jepsen test runner] jepsen.core: Running test:
{:args []
 :remote
 #jepsen.control.retry.Remote{:remote #jepsen.control.scp.Remote{:cmd-remote #jepsen.control.sshj.SSHJRemote{:concurrency-limit 6,
                                                                                                             :conn-spec nil,
                                                                                                             :client nil,
                                                                                                             :semaphore nil},
                                                                 :conn-spec nil},
                              :conn nil}
 :log-net-send false
 :node-count 5
 :availability nil
 :max-txn-length 4
 :concurrency 5
 :db
 #object[maelstrom.db$db$reify__16142
         "0x3022287e"
         "maelstrom.db$db$reify__16142@3022287e"]
 :max-writes-per-key 16
 :leave-db-running? false
 :name "broadcast"
 :logging-json? false
 :start-time
 #object[org.joda.time.DateTime "0x214738c1" "2026-10-06T14:59:30.320-07:00"]
 :nemesis-interval 10
 :net
 #object[maelstrom.net$jepsen_net$reify__15251
         "0x623dc959"
         "maelstrom.net$jepsen_net$reify__15251@623dc959"]
 :client
 #object[maelstrom.workload.broadcast$client$reify__16644
         "0x7aac05e2"
         "maelstrom.workload.broadcast$client$reify__16644@7aac05e2"]
 :barrier
 #object[java.util.concurrent.CyclicBarrier
         "0x469caf69"
         "java.util.concurrent.CyclicBarrier@469caf69"]
 :log-stderr false
 :pure-generators true
 :ssh {:dummy? true}
 :rate 10.0
 :checker
 #object[jepsen.checker$compose$reify__11881
         "0x5e05064b"
         "jepsen.checker$compose$reify__11881@5e05064b"]
 :argv
 ("test"
  "-w"
  "broadcast"
  "--bin"
  "/home/morgankim/go/bin/maelstrom-broadcast"
  "--node-count"
  "5"
  "--time-limit"
  "20"
  "--rate"
  "10")
 :nemesis
 (jepsen.nemesis.ReflCompose
  {:fm {:start-partition 0,
        :stop-partition 0,
        :kill 1,
        :start 1,
        :pause 1,
        :resume 1},
   :nemeses [#unprintable "jepsen.nemesis.combined$partition_nemesis$reify__16416@527e6bd3"
             #unprintable "jepsen.nemesis.combined$db_nemesis$reify__16397@4867e76b"]})
 :nodes ["n0" "n1" "n2" "n3" "n4"]
 :test-count 1
 :latency {:mean 0, :dist :constant}
 :bin "/home/morgankim/go/bin/maelstrom-broadcast"
 :generator
 ((jepsen.generator.Synchronize
   {:gen (jepsen.generator.TimeLimit
          {:limit 20000000000,
           :cutoff nil,
           :gen (jepsen.generator.Any
                 {:gens [(jepsen.generator.OnThreads
                          {:f #{:nemesis},
                           :context-filter #object[jepsen.generator.context$make_thread_filter$lazy_filter__9167
                                                   "0x6b28d4e4"
                                                   "jepsen.generator.context$make_thread_filter$lazy_filter__9167@6b28d4e4"],
                           :gen nil})
                         (jepsen.generator.OnThreads
                          {:f #jepsen.generator.context.AllBut{:element :nemesis},
                           :context-filter #object[jepsen.generator.context$make_thread_filter$lazy_filter__9167
                                                   "0x41cfcbb5"
                                                   "jepsen.generator.context$make_thread_filter$lazy_filter__9167@41cfcbb5"],
                           :gen (jepsen.generator.Stagger
                                 {:dt 200000000,
                                  :next-time nil,
                                  :gen (jepsen.generator.Mix
                                        {:i 1,
                                         :gens [({:f :broadcast, :value 0}
                                                 {:f :broadcast, :value 1}
                                                 {:f :broadcast, :value 2}
                                                 {:f :broadcast, :value 3}
                                                 {:f :broadcast, :value 4}
                                                 {:f :broadcast, :value 5}
                                                 {:f :broadcast, :value 6}
                                                 {:f :broadcast, :value 7}
                                                 ...)
                                                ({:f :read}
                                                 {:f :read}
                                                 {:f :read}
                                                 {:f :read}
                                                 {:f :read}
                                                 {:f :read}
                                                 {:f :read}
                                                 {:f :read}
                                                 ...)]})})})]})})})
  (jepsen.generator.Synchronize
   {:gen (jepsen.generator.OnThreads
          {:f #{:nemesis},
           :context-filter #object[jepsen.generator.context$make_thread_filter$lazy_filter__9167
                                   "0x3b42d7df"
                                   "jepsen.generator.context$make_thread_filter$lazy_filter__9167@3b42d7df"],
           :gen ()})})
  (jepsen.generator.Synchronize
   {:gen {:type :log, :value "Waiting for recovery..."}})
  (jepsen.generator.Synchronize {:gen {:type :sleep, :value 10}})
  (jepsen.generator.Synchronize
   {:gen (jepsen.generator.OnThreads
          {:f #jepsen.generator.context.AllBut{:element :nemesis},
           :context-filter #object[jepsen.generator.context$make_thread_filter$lazy_filter__9167
                                   "0x1660bba7"
                                   "jepsen.generator.context$make_thread_filter$lazy_filter__9167@1660bba7"],
           :gen (jepsen.generator.EachThread
                 {:fresh-gen {:f :read, :final? true},
                  :context-filters #object[clojure.core$promise$reify__8591
                                           "0x29cd48bd"
                                           {:status :pending, :val nil}],
                  :gens {}})})}))
 :log-net-recv false
 :os
 #object[maelstrom.net$jepsen_os$reify__15254
         "0x49e3b86b"
         "maelstrom.net$jepsen_os$reify__15254@49e3b86b"]
 :time-limit 20
 :workload :broadcast
 :consistency-models [:strict-serializable]
 :topology :grid}

2026-10-06 14:59:31,622{GMT}	INFO	[jepsen node n0] maelstrom.net: Starting Maelstrom network
2026-10-06 14:59:31,623{GMT}	INFO	[jepsen test runner] jepsen.db: Tearing down DB
2026-10-06 14:59:31,624{GMT}	INFO	[jepsen test runner] jepsen.db: Setting up DB
2026-10-06 14:59:31,625{GMT}	INFO	[jepsen node n2] maelstrom.db: Setting up n2
2026-10-06 14:59:31,625{GMT}	INFO	[jepsen node n3] maelstrom.db: Setting up n3
2026-10-06 14:59:31,625{GMT}	INFO	[jepsen node n1] maelstrom.db: Setting up n1
2026-10-06 14:59:31,625{GMT}	INFO	[jepsen node n4] maelstrom.db: Setting up n4
2026-10-06 14:59:31,625{GMT}	INFO	[jepsen node n1] maelstrom.process: launching /home/morgankim/go/bin/maelstrom-broadcast []
2026-10-06 14:59:31,625{GMT}	INFO	[jepsen node n3] maelstrom.process: launching /home/morgankim/go/bin/maelstrom-broadcast []
2026-10-06 14:59:31,625{GMT}	INFO	[jepsen node n4] maelstrom.process: launching /home/morgankim/go/bin/maelstrom-broadcast []
2026-10-06 14:59:31,625{GMT}	INFO	[jepsen node n2] maelstrom.process: launching /home/morgankim/go/bin/maelstrom-broadcast []
2026-10-06 14:59:31,626{GMT}	INFO	[jepsen node n0] maelstrom.service: Starting services: (lin-kv lin-tso lww-kv seq-kv)
2026-10-06 14:59:31,627{GMT}	INFO	[jepsen node n0] maelstrom.db: Setting up n0
2026-10-06 14:59:31,628{GMT}	INFO	[jepsen node n0] maelstrom.process: launching /home/morgankim/go/bin/maelstrom-broadcast []
2026-10-06 14:59:31,652{GMT}	INFO	[jepsen test runner] jepsen.core: Relative time begins now
2026-10-06 14:59:31,684{GMT}	INFO	[jepsen worker 0] jepsen.util: 0	:invoke	:read	nil
2026-10-06 14:59:31,689{GMT}	INFO	[jepsen worker 0] jepsen.util: 0	:ok	:read	[]
2026-10-06 14:59:31,837{GMT}	INFO	[jepsen worker 1] jepsen.util: 1	:invoke	:broadcast	0
2026-10-06 14:59:31,839{GMT}	INFO	[jepsen worker 1] jepsen.util: 1	:ok	:broadcast	0
2026-10-06 14:59:31,877{GMT}	INFO	[jepsen worker 2] jepsen.util: 2	:invoke	:broadcast	1
2026-10-06 14:59:31,880{GMT}	INFO	[jepsen worker 2] jepsen.util: 2	:ok	:broadcast	1
2026-10-06 14:59:32,055{GMT}	INFO	[jepsen worker 3] jepsen.util: 3	:invoke	:broadcast	2
2026-10-06 14:59:32,057{GMT}	INFO	[jepsen worker 3] jepsen.util: 3	:ok	:broadcast	2
2026-10-06 14:59:32,106{GMT}	INFO	[jepsen worker 4] jepsen.util: 4	:invoke	:broadcast	3
2026-10-06 14:59:32,109{GMT}	INFO	[jepsen worker 4] jepsen.util: 4	:ok	:broadcast	3
2026-10-06 14:59:32,170{GMT}	INFO	[jepsen worker 0] jepsen.util: 0	:invoke	:broadcast	4
2026-10-06 14:59:32,172{GMT}	INFO	[jepsen worker 0] jepsen.util: 0	:ok	:broadcast	4
2026-10-06 14:59:32,176{GMT}	INFO	[jepsen worker 0] jepsen.util: 0	:invoke	:broadcast	5
2026-10-06 14:59:32,177{GMT}	INFO	[jepsen worker 0] jepsen.util: 0	:ok	:broadcast	5
2026-10-06 14:59:32,260{GMT}	INFO	[jepsen worker 1] jepsen.util: 1	:invoke	:broadcast	6
2026-10-06 14:59:32,262{GMT}	INFO	[jepsen worker 1] jepsen.util: 1	:ok	:broadcast	6
2026-10-06 14:59:32,316{GMT}	INFO	[jepsen worker 2] jepsen.util: 2	:invoke	:read	nil
2026-10-06 14:59:32,318{GMT}	INFO	[jepsen worker 2] jepsen.util: 2	:ok	:read	[1]
2026-10-06 14:59:32,430{GMT}	INFO	[jepsen worker 3] jepsen.util: 3	:invoke	:read	nil
2026-10-06 14:59:32,432{GMT}	INFO	[jepsen worker 3] jepsen.util: 3	:ok	:read	[2]
2026-10-06 14:59:32,613{GMT}	INFO	[jepsen worker 4] jepsen.util: 4	:invoke	:read	nil
2026-10-06 14:59:32,615{GMT}	INFO	[jepsen worker 4] jepsen.util: 4	:ok	:read	[3]
2026-10-06 14:59:32,744{GMT}	INFO	[jepsen worker 0] jepsen.util: 0	:invoke	:broadcast	7
2026-10-06 14:59:32,746{GMT}	INFO	[jepsen worker 0] jepsen.util: 0	:ok	:broadcast	7
2026-10-06 14:59:32,839{GMT}	INFO	[jepsen worker 0] jepsen.util: 0	:invoke	:broadcast	8
2026-10-06 14:59:32,841{GMT}	INFO	[jepsen worker 0] jepsen.util: 0	:ok	:broadcast	8
2026-10-06 14:59:32,954{GMT}	INFO	[jepsen worker 1] jepsen.util: 1	:invoke	:broadcast	9
2026-10-06 14:59:32,956{GMT}	INFO	[jepsen worker 1] jepsen.util: 1	:ok	:broadcast	9
2026-10-06 14:59:33,118{GMT}	INFO	[jepsen worker 2] jepsen.util: 2	:invoke	:read	nil
2026-10-06 14:59:33,121{GMT}	INFO	[jepsen worker 2] jepsen.util: 2	:ok	:read	[1]
2026-10-06 14:59:33,191{GMT}	INFO	[jepsen worker 3] jepsen.util: 3	:invoke	:read	nil
2026-10-06 14:59:33,194{GMT}	INFO	[jepsen worker 3] jepsen.util: 3	:ok	:read	[2]
2026-10-06 14:59:33,339{GMT}	INFO	[jepsen worker 4] jepsen.util: 4	:invoke	:read	nil
2026-10-06 14:59:33,342{GMT}	INFO	[jepsen worker 4] jepsen.util: 4	:ok	:read	[3]
2026-10-06 14:59:33,406{GMT}	INFO	[jepsen worker 0] jepsen.util: 0	:invoke	:broadcast	10
2026-10-06 14:59:33,408{GMT}	INFO	[jepsen worker 0] jepsen.util: 0	:ok	:broadcast	10
2026-10-06 14:59:33,564{GMT}	INFO	[jepsen worker 0] jepsen.util: 0	:invoke	:broadcast	11
2026-10-06 14:59:33,566{GMT}	INFO	[jepsen worker 0] jepsen.util: 0	:ok	:broadcast	11
2026-10-06 14:59:33,722{GMT}	INFO	[jepsen worker 1] jepsen.util: 1	:invoke	:read	nil
2026-10-06 14:59:33,724{GMT}	INFO	[jepsen worker 1] jepsen.util: 1	:ok	:read	[9 0 6]
2026-10-06 14:59:33,730{GMT}	INFO	[jepsen worker 2] jepsen.util: 2	:invoke	:broadcast	12
2026-10-06 14:59:33,731{GMT}	INFO	[jepsen worker 2] jepsen.util: 2	:ok	:broadcast	12
2026-10-06 14:59:33,894{GMT}	INFO	[jepsen worker 3] jepsen.util: 3	:invoke	:broadcast	13
2026-10-06 14:59:33,895{GMT}	INFO	[jepsen worker 3] jepsen.util: 3	:ok	:broadcast	13
2026-10-06 14:59:33,898{GMT}	INFO	[jepsen worker 4] jepsen.util: 4	:invoke	:broadcast	14
2026-10-06 14:59:33,899{GMT}	INFO	[jepsen worker 4] jepsen.util: 4	:ok	:broadcast	14
2026-10-06 14:59:34,036{GMT}	INFO	[jepsen worker 0] jepsen.util: 0	:invoke	:read	nil
2026-10-06 14:59:34,038{GMT}	INFO	[jepsen worker 0] jepsen.util: 0	:ok	:read	[5 7 8 10 11 4]
2026-10-06 14:59:34,156{GMT}	INFO	[jepsen worker 0] jepsen.util: 0	:invoke	:broadcast	15
2026-10-06 14:59:34,158{GMT}	INFO	[jepsen worker 0] jepsen.util: 0	:ok	:broadcast	15
2026-10-06 14:59:34,197{GMT}	INFO	[jepsen worker 1] jepsen.util: 1	:invoke	:broadcast	16
2026-10-06 14:59:34,199{GMT}	INFO	[jepsen worker 1] jepsen.util: 1	:ok	:broadcast	16
2026-10-06 14:59:34,216{GMT}	INFO	[jepsen worker 2] jepsen.util: 2	:invoke	:read	nil
2026-10-06 14:59:34,218{GMT}	INFO	[jepsen worker 2] jepsen.util: 2	:ok	:read	[1 12]
2026-10-06 14:59:34,367{GMT}	INFO	[jepsen worker 3] jepsen.util: 3	:invoke	:broadcast	17
2026-10-06 14:59:34,369{GMT}	INFO	[jepsen worker 3] jepsen.util: 3	:ok	:broadcast	17
2026-10-06 14:59:34,422{GMT}	INFO	[jepsen worker 4] jepsen.util: 4	:invoke	:read	nil
2026-10-06 14:59:34,424{GMT}	INFO	[jepsen worker 4] jepsen.util: 4	:ok	:read	[3 14]
2026-10-06 14:59:34,487{GMT}	INFO	[jepsen worker 0] jepsen.util: 0	:invoke	:read	nil
2026-10-06 14:59:34,489{GMT}	INFO	[jepsen worker 0] jepsen.util: 0	:ok	:read	[15 4 5 7 8 10 11]
2026-10-06 14:59:34,602{GMT}	INFO	[jepsen worker 0] jepsen.util: 0	:invoke	:broadcast	18
2026-10-06 14:59:34,603{GMT}	INFO	[jepsen worker 0] jepsen.util: 0	:ok	:broadcast	18
2026-10-06 14:59:34,635{GMT}	INFO	[jepsen worker 1] jepsen.util: 1	:invoke	:read	nil
2026-10-06 14:59:34,637{GMT}	INFO	[jepsen worker 1] jepsen.util: 1	:ok	:read	[0 6 9 16]
2026-10-06 14:59:34,685{GMT}	INFO	[jepsen worker 2] jepsen.util: 2	:invoke	:broadcast	19
2026-10-06 14:59:34,686{GMT}	INFO	[jepsen worker 2] jepsen.util: 2	:ok	:broadcast	19
2026-10-06 14:59:34,771{GMT}	INFO	[jepsen worker 3] jepsen.util: 3	:invoke	:broadcast	20
2026-10-06 14:59:34,773{GMT}	INFO	[jepsen worker 3] jepsen.util: 3	:ok	:broadcast	20
2026-10-06 14:59:34,920{GMT}	INFO	[jepsen worker 4] jepsen.util: 4	:invoke	:broadcast	21
2026-10-06 14:59:34,921{GMT}	INFO	[jepsen worker 4] jepsen.util: 4	:ok	:broadcast	21
2026-10-06 14:59:35,015{GMT}	INFO	[jepsen worker 0] jepsen.util: 0	:invoke	:broadcast	22
2026-10-06 14:59:35,016{GMT}	INFO	[jepsen worker 0] jepsen.util: 0	:ok	:broadcast	22
2026-10-06 14:59:35,202{GMT}	INFO	[jepsen worker 0] jepsen.util: 0	:invoke	:read	nil
2026-10-06 14:59:35,204{GMT}	INFO	[jepsen worker 0] jepsen.util: 0	:ok	:read	[8 10 5 7 11 15 18 22 4]
2026-10-06 14:59:35,230{GMT}	INFO	[jepsen worker 1] jepsen.util: 1	:invoke	:read	nil
2026-10-06 14:59:35,231{GMT}	INFO	[jepsen worker 1] jepsen.util: 1	:ok	:read	[0 6 9 16]
2026-10-06 14:59:35,368{GMT}	INFO	[jepsen worker 2] jepsen.util: 2	:invoke	:broadcast	23
2026-10-06 14:59:35,369{GMT}	INFO	[jepsen worker 2] jepsen.util: 2	:ok	:broadcast	23
2026-10-06 14:59:35,502{GMT}	INFO	[jepsen worker 3] jepsen.util: 3	:invoke	:read	nil
2026-10-06 14:59:35,504{GMT}	INFO	[jepsen worker 3] jepsen.util: 3	:ok	:read	[2 13 17 20]
2026-10-06 14:59:35,537{GMT}	INFO	[jepsen worker 4] jepsen.util: 4	:invoke	:broadcast	24
2026-10-06 14:59:35,538{GMT}	INFO	[jepsen worker 4] jepsen.util: 4	:ok	:broadcast	24
2026-10-06 14:59:35,670{GMT}	INFO	[jepsen worker 0] jepsen.util: 0	:invoke	:read	nil
2026-10-06 14:59:35,671{GMT}	INFO	[jepsen worker 0] jepsen.util: 0	:ok	:read	[4 8 10 5 7 11 15 18 22]
2026-10-06 14:59:35,784{GMT}	INFO	[jepsen worker 0] jepsen.util: 0	:invoke	:broadcast	25
2026-10-06 14:59:35,785{GMT}	INFO	[jepsen worker 0] jepsen.util: 0	:ok	:broadcast	25
2026-10-06 14:59:35,900{GMT}	INFO	[jepsen worker 1] jepsen.util: 1	:invoke	:broadcast	26
2026-10-06 14:59:35,901{GMT}	INFO	[jepsen worker 1] jepsen.util: 1	:ok	:broadcast	26
2026-10-06 14:59:36,015{GMT}	INFO	[jepsen worker 2] jepsen.util: 2	:invoke	:read	nil
2026-10-06 14:59:36,017{GMT}	INFO	[jepsen worker 2] jepsen.util: 2	:ok	:read	[23 1 12 19]
2026-10-06 14:59:36,079{GMT}	INFO	[jepsen worker 3] jepsen.util: 3	:invoke	:read	nil
2026-10-06 14:59:36,081{GMT}	INFO	[jepsen worker 3] jepsen.util: 3	:ok	:read	[2 13 17 20]
2026-10-06 14:59:36,113{GMT}	INFO	[jepsen worker 4] jepsen.util: 4	:invoke	:broadcast	27
2026-10-06 14:59:36,114{GMT}	INFO	[jepsen worker 4] jepsen.util: 4	:ok	:broadcast	27
2026-10-06 14:59:36,197{GMT}	INFO	[jepsen worker 0] jepsen.util: 0	:invoke	:read	nil
2026-10-06 14:59:36,199{GMT}	INFO	[jepsen worker 0] jepsen.util: 0	:ok	:read	[4 8 10 25 5 7 11 15 18 22]
2026-10-06 14:59:36,250{GMT}	INFO	[jepsen worker 0] jepsen.util: 0	:invoke	:read	nil
2026-10-06 14:59:36,252{GMT}	INFO	[jepsen worker 0] jepsen.util: 0	:ok	:read	[4 8 10 25 5 7 11 15 18 22]
2026-10-06 14:59:36,295{GMT}	INFO	[jepsen worker 1] jepsen.util: 1	:invoke	:broadcast	28
2026-10-06 14:59:36,297{GMT}	INFO	[jepsen worker 1] jepsen.util: 1	:ok	:broadcast	28
2026-10-06 14:59:36,425{GMT}	INFO	[jepsen worker 2] jepsen.util: 2	:invoke	:broadcast	29
2026-10-06 14:59:36,427{GMT}	INFO	[jepsen worker 2] jepsen.util: 2	:ok	:broadcast	29
2026-10-06 14:59:36,565{GMT}	INFO	[jepsen worker 3] jepsen.util: 3	:invoke	:read	nil
2026-10-06 14:59:36,567{GMT}	INFO	[jepsen worker 3] jepsen.util: 3	:ok	:read	[17 20 2 13]
2026-10-06 14:59:36,713{GMT}	INFO	[jepsen worker 4] jepsen.util: 4	:invoke	:broadcast	30
2026-10-06 14:59:36,715{GMT}	INFO	[jepsen worker 4] jepsen.util: 4	:ok	:broadcast	30
2026-10-06 14:59:36,769{GMT}	INFO	[jepsen worker 0] jepsen.util: 0	:invoke	:read	nil
2026-10-06 14:59:36,771{GMT}	INFO	[jepsen worker 0] jepsen.util: 0	:ok	:read	[4 8 10 25 5 7 11 15 18 22]
2026-10-06 14:59:36,900{GMT}	INFO	[jepsen worker 0] jepsen.util: 0	:invoke	:read	nil
2026-10-06 14:59:36,902{GMT}	INFO	[jepsen worker 0] jepsen.util: 0	:ok	:read	[10 25 5 7 11 15 18 22 4 8]
2026-10-06 14:59:36,956{GMT}	INFO	[jepsen worker 1] jepsen.util: 1	:invoke	:read	nil
2026-10-06 14:59:36,958{GMT}	INFO	[jepsen worker 1] jepsen.util: 1	:ok	:read	[6 9 16 26 28 0]
2026-10-06 14:59:36,973{GMT}	INFO	[jepsen worker 2] jepsen.util: 2	:invoke	:broadcast	31
2026-10-06 14:59:36,974{GMT}	INFO	[jepsen worker 2] jepsen.util: 2	:ok	:broadcast	31
2026-10-06 14:59:37,053{GMT}	INFO	[jepsen worker 3] jepsen.util: 3	:invoke	:read	nil
2026-10-06 14:59:37,054{GMT}	INFO	[jepsen worker 3] jepsen.util: 3	:ok	:read	[17 20 2 13]
2026-10-06 14:59:37,160{GMT}	INFO	[jepsen worker 4] jepsen.util: 4	:invoke	:read	nil
2026-10-06 14:59:37,162{GMT}	INFO	[jepsen worker 4] jepsen.util: 4	:ok	:read	[30 3 14 21 24 27]
2026-10-06 14:59:37,310{GMT}	INFO	[jepsen worker 0] jepsen.util: 0	:invoke	:broadcast	32
2026-10-06 14:59:37,312{GMT}	INFO	[jepsen worker 0] jepsen.util: 0	:ok	:broadcast	32
2026-10-06 14:59:37,376{GMT}	INFO	[jepsen worker 0] jepsen.util: 0	:invoke	:read	nil
2026-10-06 14:59:37,378{GMT}	INFO	[jepsen worker 0] jepsen.util: 0	:ok	:read	[5 7 11 15 18 22 4 8 10 25 32]
2026-10-06 14:59:37,577{GMT}	INFO	[jepsen worker 1] jepsen.util: 1	:invoke	:broadcast	33
2026-10-06 14:59:37,579{GMT}	INFO	[jepsen worker 1] jepsen.util: 1	:ok	:broadcast	33
2026-10-06 14:59:37,764{GMT}	INFO	[jepsen worker 2] jepsen.util: 2	:invoke	:broadcast	34
2026-10-06 14:59:37,766{GMT}	INFO	[jepsen worker 2] jepsen.util: 2	:ok	:broadcast	34
2026-10-06 14:59:37,770{GMT}	INFO	[jepsen worker 3] jepsen.util: 3	:invoke	:read	nil
2026-10-06 14:59:37,772{GMT}	INFO	[jepsen worker 3] jepsen.util: 3	:ok	:read	[2 13 17 20]
2026-10-06 14:59:37,803{GMT}	INFO	[jepsen worker 4] jepsen.util: 4	:invoke	:broadcast	35
2026-10-06 14:59:37,804{GMT}	INFO	[jepsen worker 4] jepsen.util: 4	:ok	:broadcast	35
2026-10-06 14:59:37,945{GMT}	INFO	[jepsen worker 0] jepsen.util: 0	:invoke	:broadcast	36
2026-10-06 14:59:37,947{GMT}	INFO	[jepsen worker 0] jepsen.util: 0	:ok	:broadcast	36
2026-10-06 14:59:38,059{GMT}	INFO	[jepsen worker 0] jepsen.util: 0	:invoke	:read	nil
2026-10-06 14:59:38,061{GMT}	INFO	[jepsen worker 0] jepsen.util: 0	:ok	:read	[5 7 11 15 18 22 36 4 8 10 25 32]
2026-10-06 14:59:38,101{GMT}	INFO	[jepsen worker 1] jepsen.util: 1	:invoke	:read	nil
2026-10-06 14:59:38,103{GMT}	INFO	[jepsen worker 1] jepsen.util: 1	:ok	:read	[0 6 9 16 26 28 33]
2026-10-06 14:59:38,264{GMT}	INFO	[jepsen worker 2] jepsen.util: 2	:invoke	:read	nil
2026-10-06 14:59:38,266{GMT}	INFO	[jepsen worker 2] jepsen.util: 2	:ok	:read	[1 12 19 23 29 31 34]
2026-10-06 14:59:38,337{GMT}	INFO	[jepsen worker 3] jepsen.util: 3	:invoke	:read	nil
2026-10-06 14:59:38,338{GMT}	INFO	[jepsen worker 3] jepsen.util: 3	:ok	:read	[13 17 20 2]
2026-10-06 14:59:38,383{GMT}	INFO	[jepsen worker 4] jepsen.util: 4	:invoke	:read	nil
2026-10-06 14:59:38,385{GMT}	INFO	[jepsen worker 4] jepsen.util: 4	:ok	:read	[3 14 21 24 27 30 35]
2026-10-06 14:59:38,516{GMT}	INFO	[jepsen worker 0] jepsen.util: 0	:invoke	:broadcast	37
2026-10-06 14:59:38,518{GMT}	INFO	[jepsen worker 0] jepsen.util: 0	:ok	:broadcast	37
2026-10-06 14:59:38,565{GMT}	INFO	[jepsen worker 0] jepsen.util: 0	:invoke	:broadcast	38
2026-10-06 14:59:38,567{GMT}	INFO	[jepsen worker 0] jepsen.util: 0	:ok	:broadcast	38
2026-10-06 14:59:38,609{GMT}	INFO	[jepsen worker 1] jepsen.util: 1	:invoke	:read	nil
2026-10-06 14:59:38,610{GMT}	INFO	[jepsen worker 1] jepsen.util: 1	:ok	:read	[26 28 33 0 6 9 16]
2026-10-06 14:59:38,636{GMT}	INFO	[jepsen worker 2] jepsen.util: 2	:invoke	:read	nil
2026-10-06 14:59:38,638{GMT}	INFO	[jepsen worker 2] jepsen.util: 2	:ok	:read	[19 23 29 31 34 1 12]
2026-10-06 14:59:38,715{GMT}	INFO	[jepsen worker 3] jepsen.util: 3	:invoke	:read	nil
2026-10-06 14:59:38,717{GMT}	INFO	[jepsen worker 3] jepsen.util: 3	:ok	:read	[17 20 2 13]
2026-10-06 14:59:38,826{GMT}	INFO	[jepsen worker 4] jepsen.util: 4	:invoke	:read	nil
2026-10-06 14:59:38,827{GMT}	INFO	[jepsen worker 4] jepsen.util: 4	:ok	:read	[30 35 3 14 21 24 27]
2026-10-06 14:59:38,911{GMT}	INFO	[jepsen worker 0] jepsen.util: 0	:invoke	:read	nil
2026-10-06 14:59:38,913{GMT}	INFO	[jepsen worker 0] jepsen.util: 0	:ok	:read	[11 15 18 22 36 4 8 10 25 32 37 38 5 7]
2026-10-06 14:59:38,996{GMT}	INFO	[jepsen worker 0] jepsen.util: 0	:invoke	:broadcast	39
2026-10-06 14:59:38,998{GMT}	INFO	[jepsen worker 0] jepsen.util: 0	:ok	:broadcast	39
2026-10-06 14:59:39,126{GMT}	INFO	[jepsen worker 1] jepsen.util: 1	:invoke	:broadcast	40
2026-10-06 14:59:39,128{GMT}	INFO	[jepsen worker 1] jepsen.util: 1	:ok	:broadcast	40
2026-10-06 14:59:39,251{GMT}	INFO	[jepsen worker 2] jepsen.util: 2	:invoke	:broadcast	41
2026-10-06 14:59:39,253{GMT}	INFO	[jepsen worker 2] jepsen.util: 2	:ok	:broadcast	41
2026-10-06 14:59:39,407{GMT}	INFO	[jepsen worker 3] jepsen.util: 3	:invoke	:read	nil
2026-10-06 14:59:39,408{GMT}	INFO	[jepsen worker 3] jepsen.util: 3	:ok	:read	[20 2 13 17]
2026-10-06 14:59:39,602{GMT}	INFO	[jepsen worker 4] jepsen.util: 4	:invoke	:read	nil
2026-10-06 14:59:39,604{GMT}	INFO	[jepsen worker 4] jepsen.util: 4	:ok	:read	[3 14 21 24 27 30 35]
2026-10-06 14:59:39,753{GMT}	INFO	[jepsen worker 0] jepsen.util: 0	:invoke	:broadcast	42
2026-10-06 14:59:39,754{GMT}	INFO	[jepsen worker 0] jepsen.util: 0	:ok	:broadcast	42
2026-10-06 14:59:39,767{GMT}	INFO	[jepsen worker 0] jepsen.util: 0	:invoke	:broadcast	43
2026-10-06 14:59:39,769{GMT}	INFO	[jepsen worker 0] jepsen.util: 0	:ok	:broadcast	43
2026-10-06 14:59:39,900{GMT}	INFO	[jepsen worker 1] jepsen.util: 1	:invoke	:read	nil
2026-10-06 14:59:39,902{GMT}	INFO	[jepsen worker 1] jepsen.util: 1	:ok	:read	[26 28 33 40 0 6 9 16]
2026-10-06 14:59:39,984{GMT}	INFO	[jepsen worker 2] jepsen.util: 2	:invoke	:broadcast	44
2026-10-06 14:59:39,986{GMT}	INFO	[jepsen worker 2] jepsen.util: 2	:ok	:broadcast	44
2026-10-06 14:59:40,029{GMT}	INFO	[jepsen worker 3] jepsen.util: 3	:invoke	:read	nil
2026-10-06 14:59:40,031{GMT}	INFO	[jepsen worker 3] jepsen.util: 3	:ok	:read	[2 13 17 20]
2026-10-06 14:59:40,104{GMT}	INFO	[jepsen worker 4] jepsen.util: 4	:invoke	:broadcast	45
2026-10-06 14:59:40,105{GMT}	INFO	[jepsen worker 4] jepsen.util: 4	:ok	:broadcast	45
2026-10-06 14:59:40,169{GMT}	INFO	[jepsen worker 0] jepsen.util: 0	:invoke	:broadcast	46
2026-10-06 14:59:40,170{GMT}	INFO	[jepsen worker 0] jepsen.util: 0	:ok	:broadcast	46
2026-10-06 14:59:40,257{GMT}	INFO	[jepsen worker 0] jepsen.util: 0	:invoke	:read	nil
2026-10-06 14:59:40,259{GMT}	INFO	[jepsen worker 0] jepsen.util: 0	:ok	:read	[39 10 25 32 37 38 46 18 36 42 43 4 8 5 7 11 15 22]
2026-10-06 14:59:40,284{GMT}	INFO	[jepsen worker 1] jepsen.util: 1	:invoke	:read	nil
2026-10-06 14:59:40,286{GMT}	INFO	[jepsen worker 1] jepsen.util: 1	:ok	:read	[9 16 26 28 33 40 0 6]
2026-10-06 14:59:40,350{GMT}	INFO	[jepsen worker 2] jepsen.util: 2	:invoke	:read	nil
2026-10-06 14:59:40,351{GMT}	INFO	[jepsen worker 2] jepsen.util: 2	:ok	:read	[29 31 34 41 44 23 1 12 19]
2026-10-06 14:59:40,409{GMT}	INFO	[jepsen worker 3] jepsen.util: 3	:invoke	:read	nil
2026-10-06 14:59:40,411{GMT}	INFO	[jepsen worker 3] jepsen.util: 3	:ok	:read	[2 13 17 20]
2026-10-06 14:59:40,478{GMT}	INFO	[jepsen worker 4] jepsen.util: 4	:invoke	:read	nil
2026-10-06 14:59:40,480{GMT}	INFO	[jepsen worker 4] jepsen.util: 4	:ok	:read	[30 35 45 3 14 21 24 27]
2026-10-06 14:59:40,615{GMT}	INFO	[jepsen worker 0] jepsen.util: 0	:invoke	:broadcast	47
2026-10-06 14:59:40,616{GMT}	INFO	[jepsen worker 0] jepsen.util: 0	:ok	:broadcast	47
2026-10-06 14:59:40,747{GMT}	INFO	[jepsen worker 0] jepsen.util: 0	:invoke	:read	nil
2026-10-06 14:59:40,748{GMT}	INFO	[jepsen worker 0] jepsen.util: 0	:ok	:read	[8 5 7 11 15 22 39 10 25 32 37 38 46 18 36 42 43 47 4]
2026-10-06 14:59:40,782{GMT}	INFO	[jepsen worker 1] jepsen.util: 1	:invoke	:read	nil
2026-10-06 14:59:40,784{GMT}	INFO	[jepsen worker 1] jepsen.util: 1	:ok	:read	[33 40 0 6 9 16 26 28]
2026-10-06 14:59:40,941{GMT}	INFO	[jepsen worker 2] jepsen.util: 2	:invoke	:read	nil
2026-10-06 14:59:40,943{GMT}	INFO	[jepsen worker 2] jepsen.util: 2	:ok	:read	[12 19 29 31 34 41 44 23 1]
2026-10-06 14:59:40,957{GMT}	INFO	[jepsen worker 3] jepsen.util: 3	:invoke	:broadcast	48
2026-10-06 14:59:40,958{GMT}	INFO	[jepsen worker 3] jepsen.util: 3	:ok	:broadcast	48
2026-10-06 14:59:41,156{GMT}	INFO	[jepsen worker 4] jepsen.util: 4	:invoke	:read	nil
2026-10-06 14:59:41,158{GMT}	INFO	[jepsen worker 4] jepsen.util: 4	:ok	:read	[3 14 21 24 27 30 35 45]
2026-10-06 14:59:41,267{GMT}	INFO	[jepsen worker 0] jepsen.util: 0	:invoke	:read	nil
2026-10-06 14:59:41,269{GMT}	INFO	[jepsen worker 0] jepsen.util: 0	:ok	:read	[10 25 32 37 38 46 18 36 42 43 47 4 8 5 7 11 15 22 39]
2026-10-06 14:59:41,447{GMT}	INFO	[jepsen worker 0] jepsen.util: 0	:invoke	:read	nil
2026-10-06 14:59:41,449{GMT}	INFO	[jepsen worker 0] jepsen.util: 0	:ok	:read	[25 32 37 38 46 18 36 42 43 47 4 8 5 7 11 15 22 39 10]
2026-10-06 14:59:41,573{GMT}	INFO	[jepsen worker 1] jepsen.util: 1	:invoke	:read	nil
2026-10-06 14:59:41,573{GMT}	INFO	[jepsen worker 2] jepsen.util: 2	:invoke	:broadcast	49
2026-10-06 14:59:41,575{GMT}	INFO	[jepsen worker 2] jepsen.util: 2	:ok	:broadcast	49
2026-10-06 14:59:41,575{GMT}	INFO	[jepsen worker 1] jepsen.util: 1	:ok	:read	[16 26 28 33 40 0 6 9]
2026-10-06 14:59:41,655{GMT}	INFO	[jepsen worker 3] jepsen.util: 3	:invoke	:read	nil
2026-10-06 14:59:41,656{GMT}	INFO	[jepsen worker 3] jepsen.util: 3	:ok	:read	[2 13 17 20 48]
2026-10-06 14:59:41,719{GMT}	INFO	[jepsen worker 4] jepsen.util: 4	:invoke	:read	nil
2026-10-06 14:59:41,720{GMT}	INFO	[jepsen worker 4] jepsen.util: 4	:ok	:read	[3 14 21 24 27 30 35 45]
2026-10-06 14:59:41,776{GMT}	INFO	[jepsen worker 0] jepsen.util: 0	:invoke	:read	nil
2026-10-06 14:59:41,778{GMT}	INFO	[jepsen worker 0] jepsen.util: 0	:ok	:read	[5 7 11 15 22 39 10 25 32 37 38 46 18 36 42 43 47 4 8]
2026-10-06 14:59:41,898{GMT}	INFO	[jepsen worker 0] jepsen.util: 0	:invoke	:broadcast	50
2026-10-06 14:59:41,899{GMT}	INFO	[jepsen worker 0] jepsen.util: 0	:ok	:broadcast	50
2026-10-06 14:59:42,080{GMT}	INFO	[jepsen worker 1] jepsen.util: 1	:invoke	:broadcast	51
2026-10-06 14:59:42,081{GMT}	INFO	[jepsen worker 1] jepsen.util: 1	:ok	:broadcast	51
2026-10-06 14:59:42,261{GMT}	INFO	[jepsen worker 2] jepsen.util: 2	:invoke	:broadcast	52
2026-10-06 14:59:42,262{GMT}	INFO	[jepsen worker 3] jepsen.util: 3	:invoke	:broadcast	53
2026-10-06 14:59:42,263{GMT}	INFO	[jepsen worker 2] jepsen.util: 2	:ok	:broadcast	52
2026-10-06 14:59:42,263{GMT}	INFO	[jepsen worker 3] jepsen.util: 3	:ok	:broadcast	53
2026-10-06 14:59:42,423{GMT}	INFO	[jepsen worker 4] jepsen.util: 4	:invoke	:read	nil
2026-10-06 14:59:42,424{GMT}	INFO	[jepsen worker 4] jepsen.util: 4	:ok	:read	[3 14 21 24 27 30 35 45]
2026-10-06 14:59:42,585{GMT}	INFO	[jepsen worker 0] jepsen.util: 0	:invoke	:broadcast	54
2026-10-06 14:59:42,587{GMT}	INFO	[jepsen worker 0] jepsen.util: 0	:ok	:broadcast	54
2026-10-06 14:59:42,616{GMT}	INFO	[jepsen worker 0] jepsen.util: 0	:invoke	:broadcast	55
2026-10-06 14:59:42,617{GMT}	INFO	[jepsen worker 0] jepsen.util: 0	:ok	:broadcast	55
2026-10-06 14:59:42,735{GMT}	INFO	[jepsen worker 1] jepsen.util: 1	:invoke	:broadcast	56
2026-10-06 14:59:42,737{GMT}	INFO	[jepsen worker 1] jepsen.util: 1	:ok	:broadcast	56
2026-10-06 14:59:42,891{GMT}	INFO	[jepsen worker 2] jepsen.util: 2	:invoke	:read	nil
2026-10-06 14:59:42,893{GMT}	INFO	[jepsen worker 2] jepsen.util: 2	:ok	:read	[34 41 44 23 49 52 1 12 19 29 31]
2026-10-06 14:59:42,992{GMT}	INFO	[jepsen worker 3] jepsen.util: 3	:invoke	:read	nil
2026-10-06 14:59:42,994{GMT}	INFO	[jepsen worker 3] jepsen.util: 3	:ok	:read	[2 13 17 20 48 53]
2026-10-06 14:59:43,114{GMT}	INFO	[jepsen worker 4] jepsen.util: 4	:invoke	:read	nil
2026-10-06 14:59:43,116{GMT}	INFO	[jepsen worker 4] jepsen.util: 4	:ok	:read	[45 3 14 21 24 27 30 35]
2026-10-06 14:59:43,295{GMT}	INFO	[jepsen worker 0] jepsen.util: 0	:invoke	:broadcast	57
2026-10-06 14:59:43,296{GMT}	INFO	[jepsen worker 0] jepsen.util: 0	:ok	:broadcast	57
2026-10-06 14:59:43,322{GMT}	INFO	[jepsen worker 0] jepsen.util: 0	:invoke	:read	nil
2026-10-06 14:59:43,323{GMT}	INFO	[jepsen worker 0] jepsen.util: 0	:ok	:read	[32 37 38 46 18 36 42 43 47 57 4 8 50 54 55 5 7 11 15 22 39 10 25]
2026-10-06 14:59:43,473{GMT}	INFO	[jepsen worker 1] jepsen.util: 1	:invoke	:broadcast	58
2026-10-06 14:59:43,474{GMT}	INFO	[jepsen worker 1] jepsen.util: 1	:ok	:broadcast	58
2026-10-06 14:59:43,504{GMT}	INFO	[jepsen worker 2] jepsen.util: 2	:invoke	:read	nil
2026-10-06 14:59:43,505{GMT}	INFO	[jepsen worker 2] jepsen.util: 2	:ok	:read	[1 12 19 29 31 34 41 44 23 49 52]
2026-10-06 14:59:43,594{GMT}	INFO	[jepsen worker 3] jepsen.util: 3	:invoke	:broadcast	59
2026-10-06 14:59:43,597{GMT}	INFO	[jepsen worker 3] jepsen.util: 3	:ok	:broadcast	59
2026-10-06 14:59:43,607{GMT}	INFO	[jepsen worker 4] jepsen.util: 4	:invoke	:read	nil
2026-10-06 14:59:43,608{GMT}	INFO	[jepsen worker 4] jepsen.util: 4	:ok	:read	[14 21 24 27 30 35 45 3]
2026-10-06 14:59:43,747{GMT}	INFO	[jepsen worker 0] jepsen.util: 0	:invoke	:read	nil
2026-10-06 14:59:43,748{GMT}	INFO	[jepsen worker 0] jepsen.util: 0	:ok	:read	[10 25 32 37 38 46 18 36 42 43 47 57 4 8 50 54 55 5 7 11 15 22 39]
2026-10-06 14:59:43,828{GMT}	INFO	[jepsen worker 0] jepsen.util: 0	:invoke	:read	nil
2026-10-06 14:59:43,829{GMT}	INFO	[jepsen worker 0] jepsen.util: 0	:ok	:read	[18 36 42 43 47 57 4 8 50 54 55 5 7 11 15 22 39 10 25 32 37 38 46]
2026-10-06 14:59:44,003{GMT}	INFO	[jepsen worker 1] jepsen.util: 1	:invoke	:read	nil
2026-10-06 14:59:44,004{GMT}	INFO	[jepsen worker 1] jepsen.util: 1	:ok	:read	[58 16 26 28 40 51 56 0 6 9 33]
2026-10-06 14:59:44,036{GMT}	INFO	[jepsen worker 2] jepsen.util: 2	:invoke	:read	nil
2026-10-06 14:59:44,037{GMT}	INFO	[jepsen worker 2] jepsen.util: 2	:ok	:read	[1 12 19 29 31 34 41 44 23 49 52]
2026-10-06 14:59:44,118{GMT}	INFO	[jepsen worker 3] jepsen.util: 3	:invoke	:read	nil
2026-10-06 14:59:44,119{GMT}	INFO	[jepsen worker 3] jepsen.util: 3	:ok	:read	[20 48 53 59 2 13 17]
2026-10-06 14:59:44,189{GMT}	INFO	[jepsen worker 4] jepsen.util: 4	:invoke	:read	nil
2026-10-06 14:59:44,191{GMT}	INFO	[jepsen worker 4] jepsen.util: 4	:ok	:read	[21 24 27 30 35 45 3 14]
2026-10-06 14:59:44,319{GMT}	INFO	[jepsen worker 0] jepsen.util: 0	:invoke	:broadcast	60
2026-10-06 14:59:44,321{GMT}	INFO	[jepsen worker 0] jepsen.util: 0	:ok	:broadcast	60
2026-10-06 14:59:44,383{GMT}	INFO	[jepsen worker 0] jepsen.util: 0	:invoke	:read	nil
2026-10-06 14:59:44,384{GMT}	INFO	[jepsen worker 0] jepsen.util: 0	:ok	:read	[47 57 4 8 50 54 55 5 7 11 15 22 39 60 10 25 32 37 38 46 18 36 42 43]
2026-10-06 14:59:44,534{GMT}	INFO	[jepsen worker 1] jepsen.util: 1	:invoke	:read	nil
2026-10-06 14:59:44,536{GMT}	INFO	[jepsen worker 1] jepsen.util: 1	:ok	:read	[16 26 28 40 51 56 0 6 9 33 58]
2026-10-06 14:59:44,592{GMT}	INFO	[jepsen worker 2] jepsen.util: 2	:invoke	:broadcast	61
2026-10-06 14:59:44,594{GMT}	INFO	[jepsen worker 2] jepsen.util: 2	:ok	:broadcast	61
2026-10-06 14:59:44,604{GMT}	INFO	[jepsen worker 3] jepsen.util: 3	:invoke	:read	nil
2026-10-06 14:59:44,606{GMT}	INFO	[jepsen worker 3] jepsen.util: 3	:ok	:read	[17 20 48 53 59 2 13]
2026-10-06 14:59:44,752{GMT}	INFO	[jepsen worker 4] jepsen.util: 4	:invoke	:broadcast	62
2026-10-06 14:59:44,753{GMT}	INFO	[jepsen worker 4] jepsen.util: 4	:ok	:broadcast	62
2026-10-06 14:59:44,847{GMT}	INFO	[jepsen worker 0] jepsen.util: 0	:invoke	:broadcast	63
2026-10-06 14:59:44,847{GMT}	INFO	[jepsen worker 0] jepsen.util: 0	:ok	:broadcast	63
2026-10-06 14:59:45,031{GMT}	INFO	[jepsen worker 0] jepsen.util: 0	:invoke	:read	nil
2026-10-06 14:59:45,033{GMT}	INFO	[jepsen worker 0] jepsen.util: 0	:ok	:read	[36 42 43 47 57 4 8 50 54 55 5 7 11 15 22 39 60 10 25 32 37 38 46 63 18]
2026-10-06 14:59:45,107{GMT}	INFO	[jepsen worker 1] jepsen.util: 1	:invoke	:broadcast	64
2026-10-06 14:59:45,108{GMT}	INFO	[jepsen worker 1] jepsen.util: 1	:ok	:broadcast	64
2026-10-06 14:59:45,156{GMT}	INFO	[jepsen worker 2] jepsen.util: 2	:invoke	:broadcast	65
2026-10-06 14:59:45,157{GMT}	INFO	[jepsen worker 2] jepsen.util: 2	:ok	:broadcast	65
2026-10-06 14:59:45,258{GMT}	INFO	[jepsen worker 3] jepsen.util: 3	:invoke	:read	nil
2026-10-06 14:59:45,260{GMT}	INFO	[jepsen worker 3] jepsen.util: 3	:ok	:read	[2 13 17 20 48 53 59]
2026-10-06 14:59:45,420{GMT}	INFO	[jepsen worker 4] jepsen.util: 4	:invoke	:read	nil
2026-10-06 14:59:45,422{GMT}	INFO	[jepsen worker 4] jepsen.util: 4	:ok	:read	[3 14 21 30 45 24 27 35 62]
2026-10-06 14:59:45,492{GMT}	INFO	[jepsen worker 0] jepsen.util: 0	:invoke	:read	nil
2026-10-06 14:59:45,493{GMT}	INFO	[jepsen worker 0] jepsen.util: 0	:ok	:read	[4 8 50 54 55 5 7 11 15 22 39 60 10 25 32 37 38 46 63 18 36 42 43 47 57]
2026-10-06 14:59:45,649{GMT}	INFO	[jepsen worker 0] jepsen.util: 0	:invoke	:broadcast	66
2026-10-06 14:59:45,650{GMT}	INFO	[jepsen worker 0] jepsen.util: 0	:ok	:broadcast	66
2026-10-06 14:59:45,768{GMT}	INFO	[jepsen worker 1] jepsen.util: 1	:invoke	:broadcast	67
2026-10-06 14:59:45,769{GMT}	INFO	[jepsen worker 1] jepsen.util: 1	:ok	:broadcast	67
2026-10-06 14:59:45,963{GMT}	INFO	[jepsen worker 2] jepsen.util: 2	:invoke	:read	nil
2026-10-06 14:59:45,964{GMT}	INFO	[jepsen worker 2] jepsen.util: 2	:ok	:read	[1 12 19 29 31 34 41 44 23 49 52 61 65]
2026-10-06 14:59:46,152{GMT}	INFO	[jepsen worker 3] jepsen.util: 3	:invoke	:read	nil
2026-10-06 14:59:46,153{GMT}	INFO	[jepsen worker 3] jepsen.util: 3	:ok	:read	[20 48 53 59 2 13 17]
2026-10-06 14:59:46,192{GMT}	INFO	[jepsen worker 4] jepsen.util: 4	:invoke	:broadcast	68
2026-10-06 14:59:46,194{GMT}	INFO	[jepsen worker 4] jepsen.util: 4	:ok	:broadcast	68
2026-10-06 14:59:46,216{GMT}	INFO	[jepsen worker 0] jepsen.util: 0	:invoke	:read	nil
2026-10-06 14:59:46,218{GMT}	INFO	[jepsen worker 0] jepsen.util: 0	:ok	:read	[43 47 57 4 8 50 54 55 5 7 11 15 22 39 60 66 10 25 32 37 38 46 63 18 36 42]
2026-10-06 14:59:46,383{GMT}	INFO	[jepsen worker 0] jepsen.util: 0	:invoke	:read	nil
2026-10-06 14:59:46,385{GMT}	INFO	[jepsen worker 0] jepsen.util: 0	:ok	:read	[39 60 66 10 25 32 37 38 46 63 18 36 42 43 47 57 4 8 50 54 55 5 7 11 15 22]
2026-10-06 14:59:46,428{GMT}	INFO	[jepsen worker 1] jepsen.util: 1	:invoke	:read	nil
2026-10-06 14:59:46,430{GMT}	INFO	[jepsen worker 1] jepsen.util: 1	:ok	:read	[16 26 28 40 51 56 64 67 0 6 9 33 58]
2026-10-06 14:59:46,478{GMT}	INFO	[jepsen worker 2] jepsen.util: 2	:invoke	:read	nil
2026-10-06 14:59:46,480{GMT}	INFO	[jepsen worker 2] jepsen.util: 2	:ok	:read	[65 1 12 19 29 31 34 41 44 23 49 52 61]
2026-10-06 14:59:46,513{GMT}	INFO	[jepsen worker 3] jepsen.util: 3	:invoke	:broadcast	69
2026-10-06 14:59:46,514{GMT}	INFO	[jepsen worker 3] jepsen.util: 3	:ok	:broadcast	69
2026-10-06 14:59:46,580{GMT}	INFO	[jepsen worker 4] jepsen.util: 4	:invoke	:broadcast	70
2026-10-06 14:59:46,581{GMT}	INFO	[jepsen worker 4] jepsen.util: 4	:ok	:broadcast	70
2026-10-06 14:59:46,705{GMT}	INFO	[jepsen worker 0] jepsen.util: 0	:invoke	:broadcast	71
2026-10-06 14:59:46,707{GMT}	INFO	[jepsen worker 0] jepsen.util: 0	:ok	:broadcast	71
2026-10-06 14:59:46,888{GMT}	INFO	[jepsen worker 0] jepsen.util: 0	:invoke	:broadcast	72
2026-10-06 14:59:46,890{GMT}	INFO	[jepsen worker 0] jepsen.util: 0	:ok	:broadcast	72
2026-10-06 14:59:47,070{GMT}	INFO	[jepsen worker 1] jepsen.util: 1	:invoke	:read	nil
2026-10-06 14:59:47,072{GMT}	INFO	[jepsen worker 1] jepsen.util: 1	:ok	:read	[16 26 28 40 51 56 64 67 0 6 9 33 58]
2026-10-06 14:59:47,139{GMT}	INFO	[jepsen worker 2] jepsen.util: 2	:invoke	:broadcast	73
2026-10-06 14:59:47,140{GMT}	INFO	[jepsen worker 2] jepsen.util: 2	:ok	:broadcast	73
2026-10-06 14:59:47,224{GMT}	INFO	[jepsen worker 3] jepsen.util: 3	:invoke	:broadcast	74
2026-10-06 14:59:47,225{GMT}	INFO	[jepsen worker 3] jepsen.util: 3	:ok	:broadcast	74
2026-10-06 14:59:47,400{GMT}	INFO	[jepsen worker 4] jepsen.util: 4	:invoke	:broadcast	75
2026-10-06 14:59:47,401{GMT}	INFO	[jepsen worker 4] jepsen.util: 4	:ok	:broadcast	75
2026-10-06 14:59:47,424{GMT}	INFO	[jepsen worker 0] jepsen.util: 0	:invoke	:broadcast	76
2026-10-06 14:59:47,425{GMT}	INFO	[jepsen worker 0] jepsen.util: 0	:ok	:broadcast	76
2026-10-06 14:59:47,487{GMT}	INFO	[jepsen worker 0] jepsen.util: 0	:invoke	:read	nil
2026-10-06 14:59:47,488{GMT}	INFO	[jepsen worker 0] jepsen.util: 0	:ok	:read	[4 8 55 11 22 60 66 72 32 38 46 63 18 36 42 43 57 71 50 54 5 7 15 39 76 10 25 37 47]
2026-10-06 14:59:47,568{GMT}	INFO	[jepsen worker 1] jepsen.util: 1	:invoke	:read	nil
2026-10-06 14:59:47,569{GMT}	INFO	[jepsen worker 1] jepsen.util: 1	:ok	:read	[51 56 64 67 0 6 9 33 58 16 26 28 40]
2026-10-06 14:59:47,636{GMT}	INFO	[jepsen worker 2] jepsen.util: 2	:invoke	:read	nil
2026-10-06 14:59:47,637{GMT}	INFO	[jepsen worker 2] jepsen.util: 2	:ok	:read	[61 65 73 1 12 19 29 31 34 41 44 23 49 52]
2026-10-06 14:59:47,654{GMT}	INFO	[jepsen worker 3] jepsen.util: 3	:invoke	:broadcast	77
2026-10-06 14:59:47,655{GMT}	INFO	[jepsen worker 3] jepsen.util: 3	:ok	:broadcast	77
2026-10-06 14:59:47,691{GMT}	INFO	[jepsen worker 4] jepsen.util: 4	:invoke	:broadcast	78
2026-10-06 14:59:47,693{GMT}	INFO	[jepsen worker 4] jepsen.util: 4	:ok	:broadcast	78
2026-10-06 14:59:47,862{GMT}	INFO	[jepsen worker 0] jepsen.util: 0	:invoke	:read	nil
2026-10-06 14:59:47,863{GMT}	INFO	[jepsen worker 1] jepsen.util: 1	:invoke	:broadcast	79
2026-10-06 14:59:47,863{GMT}	INFO	[jepsen worker 0] jepsen.util: 0	:ok	:read	[39 76 10 25 37 47 4 8 55 11 22 60 66 72 32 38 46 63 18 36 42 43 57 71 50 54 5 7 15]
2026-10-06 14:59:47,864{GMT}	INFO	[jepsen worker 1] jepsen.util: 1	:ok	:broadcast	79
2026-10-06 14:59:48,002{GMT}	INFO	[jepsen worker 1] jepsen.util: 1	:invoke	:broadcast	80
2026-10-06 14:59:48,003{GMT}	INFO	[jepsen worker 1] jepsen.util: 1	:ok	:broadcast	80
2026-10-06 14:59:48,106{GMT}	INFO	[jepsen worker 2] jepsen.util: 2	:invoke	:read	nil
2026-10-06 14:59:48,108{GMT}	INFO	[jepsen worker 2] jepsen.util: 2	:ok	:read	[1 12 19 29 31 34 41 44 23 49 52 61 65 73]
2026-10-06 14:59:48,257{GMT}	INFO	[jepsen worker 3] jepsen.util: 3	:invoke	:read	nil
2026-10-06 14:59:48,259{GMT}	INFO	[jepsen worker 3] jepsen.util: 3	:ok	:read	[2 20 59 13 17 48 53 69 74 77]
2026-10-06 14:59:48,334{GMT}	INFO	[jepsen worker 4] jepsen.util: 4	:invoke	:read	nil
2026-10-06 14:59:48,336{GMT}	INFO	[jepsen worker 4] jepsen.util: 4	:ok	:read	[3 14 21 30 45 75 78 24 27 35 62 68 70]
2026-10-06 14:59:48,451{GMT}	INFO	[jepsen worker 0] jepsen.util: 0	:invoke	:broadcast	81
2026-10-06 14:59:48,452{GMT}	INFO	[jepsen worker 0] jepsen.util: 0	:ok	:broadcast	81
2026-10-06 14:59:48,630{GMT}	INFO	[jepsen worker 0] jepsen.util: 0	:invoke	:broadcast	82
2026-10-06 14:59:48,631{GMT}	INFO	[jepsen worker 0] jepsen.util: 0	:ok	:broadcast	82
2026-10-06 14:59:48,685{GMT}	INFO	[jepsen worker 1] jepsen.util: 1	:invoke	:read	nil
2026-10-06 14:59:48,686{GMT}	INFO	[jepsen worker 1] jepsen.util: 1	:ok	:read	[16 26 40 51 56 0 58 28 64 67 80 6 9 33 79]
2026-10-06 14:59:48,748{GMT}	INFO	[jepsen worker 2] jepsen.util: 2	:invoke	:read	nil
2026-10-06 14:59:48,749{GMT}	INFO	[jepsen worker 2] jepsen.util: 2	:ok	:read	[1 12 19 29 31 34 41 44 23 49 52 61 65 73]
2026-10-06 14:59:48,768{GMT}	INFO	[jepsen worker 3] jepsen.util: 3	:invoke	:read	nil
2026-10-06 14:59:48,769{GMT}	INFO	[jepsen worker 3] jepsen.util: 3	:ok	:read	[13 17 48 53 69 74 77 2 20 59]
2026-10-06 14:59:48,885{GMT}	INFO	[jepsen worker 4] jepsen.util: 4	:invoke	:broadcast	83
2026-10-06 14:59:48,886{GMT}	INFO	[jepsen worker 4] jepsen.util: 4	:ok	:broadcast	83
2026-10-06 14:59:48,974{GMT}	INFO	[jepsen worker 0] jepsen.util: 0	:invoke	:read	nil
2026-10-06 14:59:48,976{GMT}	INFO	[jepsen worker 0] jepsen.util: 0	:ok	:read	[10 25 37 47 4 8 55 11 22 60 66 72 32 38 46 63 82 18 36 42 43 57 71 50 54 81 5 7 15 39 76]
2026-10-06 14:59:49,117{GMT}	INFO	[jepsen worker 0] jepsen.util: 0	:invoke	:broadcast	84
2026-10-06 14:59:49,118{GMT}	INFO	[jepsen worker 0] jepsen.util: 0	:ok	:broadcast	84
2026-10-06 14:59:49,273{GMT}	INFO	[jepsen worker 1] jepsen.util: 1	:invoke	:read	nil
2026-10-06 14:59:49,275{GMT}	INFO	[jepsen worker 1] jepsen.util: 1	:ok	:read	[9 33 79 16 26 40 51 56 0 58 28 64 67 80 6]
2026-10-06 14:59:49,361{GMT}	INFO	[jepsen worker 2] jepsen.util: 2	:invoke	:read	nil
2026-10-06 14:59:49,362{GMT}	INFO	[jepsen worker 2] jepsen.util: 2	:ok	:read	[65 73 1 12 19 29 31 34 41 44 23 49 52 61]
2026-10-06 14:59:49,389{GMT}	INFO	[jepsen worker 3] jepsen.util: 3	:invoke	:broadcast	85
2026-10-06 14:59:49,391{GMT}	INFO	[jepsen worker 3] jepsen.util: 3	:ok	:broadcast	85
2026-10-06 14:59:49,518{GMT}	INFO	[jepsen worker 4] jepsen.util: 4	:invoke	:read	nil
2026-10-06 14:59:49,519{GMT}	INFO	[jepsen worker 4] jepsen.util: 4	:ok	:read	[45 75 78 24 27 35 62 68 70 83 3 14 21 30]
2026-10-06 14:59:49,639{GMT}	INFO	[jepsen worker 0] jepsen.util: 0	:invoke	:broadcast	86
2026-10-06 14:59:49,641{GMT}	INFO	[jepsen worker 0] jepsen.util: 0	:ok	:broadcast	86
2026-10-06 14:59:49,643{GMT}	INFO	[jepsen worker 0] jepsen.util: 0	:invoke	:read	nil
2026-10-06 14:59:49,645{GMT}	INFO	[jepsen worker 0] jepsen.util: 0	:ok	:read	[18 36 42 43 57 71 84 50 54 81 5 7 15 39 76 10 25 37 47 4 8 55 86 11 22 60 66 72 32 38 46 63 82]
2026-10-06 14:59:49,702{GMT}	INFO	[jepsen worker 1] jepsen.util: 1	:invoke	:broadcast	87
2026-10-06 14:59:49,704{GMT}	INFO	[jepsen worker 1] jepsen.util: 1	:ok	:broadcast	87
2026-10-06 14:59:49,808{GMT}	INFO	[jepsen worker 2] jepsen.util: 2	:invoke	:read	nil
2026-10-06 14:59:49,810{GMT}	INFO	[jepsen worker 2] jepsen.util: 2	:ok	:read	[34 41 44 23 49 52 61 65 73 1 12 19 29 31]
2026-10-06 14:59:49,873{GMT}	INFO	[jepsen worker 3] jepsen.util: 3	:invoke	:read	nil
2026-10-06 14:59:49,875{GMT}	INFO	[jepsen worker 3] jepsen.util: 3	:ok	:read	[13 17 48 53 69 74 77 85 2 20 59]
2026-10-06 14:59:49,878{GMT}	INFO	[jepsen worker 4] jepsen.util: 4	:invoke	:broadcast	88
2026-10-06 14:59:49,880{GMT}	INFO	[jepsen worker 4] jepsen.util: 4	:ok	:broadcast	88
2026-10-06 14:59:49,948{GMT}	INFO	[jepsen worker 0] jepsen.util: 0	:invoke	:read	nil
2026-10-06 14:59:49,950{GMT}	INFO	[jepsen worker 0] jepsen.util: 0	:ok	:read	[4 8 55 86 11 22 60 66 72 32 38 46 63 82 18 36 42 43 57 71 84 50 54 81 5 7 15 39 76 10 25 37 47]
2026-10-06 14:59:50,096{GMT}	INFO	[jepsen worker 0] jepsen.util: 0	:invoke	:read	nil
2026-10-06 14:59:50,098{GMT}	INFO	[jepsen worker 0] jepsen.util: 0	:ok	:read	[50 54 81 5 7 15 39 76 10 25 37 47 4 8 55 86 11 22 60 66 72 32 38 46 63 82 18 36 42 43 57 71 84]
2026-10-06 14:59:50,098{GMT}	INFO	[jepsen worker 1] jepsen.util: 1	:invoke	:read	nil
2026-10-06 14:59:50,099{GMT}	INFO	[jepsen worker 1] jepsen.util: 1	:ok	:read	[56 0 58 87 28 64 67 80 6 9 33 79 16 26 40 51]
2026-10-06 14:59:50,230{GMT}	INFO	[jepsen worker 2] jepsen.util: 2	:invoke	:broadcast	89
2026-10-06 14:59:50,232{GMT}	INFO	[jepsen worker 2] jepsen.util: 2	:ok	:broadcast	89
2026-10-06 14:59:50,300{GMT}	INFO	[jepsen worker 3] jepsen.util: 3	:invoke	:broadcast	90
2026-10-06 14:59:50,301{GMT}	INFO	[jepsen worker 3] jepsen.util: 3	:ok	:broadcast	90
2026-10-06 14:59:50,410{GMT}	INFO	[jepsen worker 4] jepsen.util: 4	:invoke	:read	nil
2026-10-06 14:59:50,412{GMT}	INFO	[jepsen worker 4] jepsen.util: 4	:ok	:read	[78 24 27 35 70 3 14 45 62 68 83 88 21 30 75]
2026-10-06 14:59:50,466{GMT}	INFO	[jepsen worker 0] jepsen.util: 0	:invoke	:read	nil
2026-10-06 14:59:50,468{GMT}	INFO	[jepsen worker 0] jepsen.util: 0	:ok	:read	[50 54 81 5 7 15 39 76 10 25 37 47 4 8 55 86 11 22 60 66 72 32 38 46 63 82 18 36 42 43 57 71 84]
2026-10-06 14:59:50,518{GMT}	INFO	[jepsen worker 0] jepsen.util: 0	:invoke	:broadcast	91
2026-10-06 14:59:50,519{GMT}	INFO	[jepsen worker 0] jepsen.util: 0	:ok	:broadcast	91
2026-10-06 14:59:50,637{GMT}	INFO	[jepsen worker 1] jepsen.util: 1	:invoke	:read	nil
2026-10-06 14:59:50,639{GMT}	INFO	[jepsen worker 1] jepsen.util: 1	:ok	:read	[16 26 40 51 56 0 58 87 28 64 67 80 6 9 33 79]
2026-10-06 14:59:50,728{GMT}	INFO	[jepsen worker 2] jepsen.util: 2	:invoke	:read	nil
2026-10-06 14:59:50,730{GMT}	INFO	[jepsen worker 2] jepsen.util: 2	:ok	:read	[23 49 61 65 73 1 12 31 44 89 52 19 29 34 41]
2026-10-06 14:59:50,823{GMT}	INFO	[jepsen worker 3] jepsen.util: 3	:invoke	:read	nil
2026-10-06 14:59:50,825{GMT}	INFO	[jepsen worker 3] jepsen.util: 3	:ok	:read	[13 17 48 53 69 74 77 85 2 20 59 90]
2026-10-06 14:59:50,898{GMT}	INFO	[jepsen worker 4] jepsen.util: 4	:invoke	:read	nil
2026-10-06 14:59:50,900{GMT}	INFO	[jepsen worker 4] jepsen.util: 4	:ok	:read	[62 68 83 88 21 30 75 78 24 27 35 70 3 14 45]
2026-10-06 14:59:50,918{GMT}	INFO	[jepsen worker 0] jepsen.util: 0	:invoke	:broadcast	92
2026-10-06 14:59:50,920{GMT}	INFO	[jepsen worker 0] jepsen.util: 0	:ok	:broadcast	92
2026-10-06 14:59:50,964{GMT}	INFO	[jepsen worker 0] jepsen.util: 0	:invoke	:read	nil
2026-10-06 14:59:50,965{GMT}	INFO	[jepsen worker 0] jepsen.util: 0	:ok	:read	[47 91 4 8 55 86 11 22 60 66 72 92 32 38 46 63 82 18 36 42 43 57 71 84 50 54 81 5 7 15 39 76 10 25 37]
2026-10-06 14:59:51,097{GMT}	INFO	[jepsen worker 1] jepsen.util: 1	:invoke	:broadcast	93
2026-10-06 14:59:51,098{GMT}	INFO	[jepsen worker 1] jepsen.util: 1	:ok	:broadcast	93
2026-10-06 14:59:51,261{GMT}	INFO	[jepsen worker 2] jepsen.util: 2	:invoke	:broadcast	94
2026-10-06 14:59:51,262{GMT}	INFO	[jepsen worker 2] jepsen.util: 2	:ok	:broadcast	94
2026-10-06 14:59:51,407{GMT}	INFO	[jepsen worker 3] jepsen.util: 3	:invoke	:read	nil
2026-10-06 14:59:51,408{GMT}	INFO	[jepsen worker 3] jepsen.util: 3	:ok	:read	[13 17 48 53 69 74 77 85 2 20 59 90]
2026-10-06 14:59:51,581{GMT}	INFO	[jepsen worker 4] jepsen.util: 4	:invoke	:broadcast	95
2026-10-06 14:59:51,582{GMT}	INFO	[jepsen worker 4] jepsen.util: 4	:ok	:broadcast	95
2026-10-06 14:59:51,582{GMT}	INFO	[jepsen worker nemesis] jepsen.generator.interpreter: Waiting for recovery...
2026-10-06 15:00:01,585{GMT}	INFO	[jepsen worker 3] jepsen.util: 3	:invoke	:read	nil
2026-10-06 15:00:01,585{GMT}	INFO	[jepsen worker 2] jepsen.util: 2	:invoke	:read	nil
2026-10-06 15:00:01,585{GMT}	INFO	[jepsen worker 0] jepsen.util: 0	:invoke	:read	nil
2026-10-06 15:00:01,586{GMT}	INFO	[jepsen worker 1] jepsen.util: 1	:invoke	:read	nil
2026-10-06 15:00:01,586{GMT}	INFO	[jepsen worker 4] jepsen.util: 4	:invoke	:read	nil
2026-10-06 15:00:01,587{GMT}	INFO	[jepsen worker 4] jepsen.util: 4	:ok	:read	[24 27 35 70 3 14 45 62 68 83 88 21 30 75 78 95]
2026-10-06 15:00:01,587{GMT}	INFO	[jepsen worker 3] jepsen.util: 3	:ok	:read	[2 20 59 90 13 17 48 53 69 74 77 85]
2026-10-06 15:00:01,587{GMT}	INFO	[jepsen worker 0] jepsen.util: 0	:ok	:read	[11 22 60 66 72 92 32 38 46 63 82 18 36 42 43 57 71 84 50 54 81 5 7 15 39 76 10 25 37 47 91 4 8 55 86]
2026-10-06 15:00:01,587{GMT}	INFO	[jepsen worker 1] jepsen.util: 1	:ok	:read	[28 64 67 80 6 9 33 79 16 26 40 51 56 93 0 58 87]
2026-10-06 15:00:01,587{GMT}	INFO	[jepsen worker 2] jepsen.util: 2	:ok	:read	[19 29 34 41 23 49 61 65 73 1 12 31 44 89 52 94]
2026-10-06 15:00:01,613{GMT}	INFO	[jepsen test runner] jepsen.core: Run complete, writing
2026-10-06 15:00:01,681{GMT}	INFO	[jepsen node n1] maelstrom.db: Tearing down n1
2026-10-06 15:00:01,681{GMT}	INFO	[jepsen node n2] maelstrom.db: Tearing down n2
2026-10-06 15:00:01,681{GMT}	INFO	[jepsen node n0] maelstrom.db: Tearing down n0
2026-10-06 15:00:01,681{GMT}	INFO	[jepsen node n3] maelstrom.db: Tearing down n3
2026-10-06 15:00:01,682{GMT}	INFO	[jepsen node n4] maelstrom.db: Tearing down n4
2026-10-06 15:00:02,633{GMT}	INFO	[jepsen node n0] maelstrom.net: Shutting down Maelstrom network
2026-10-06 15:00:02,633{GMT}	INFO	[jepsen test runner] jepsen.core: Analyzing...
2026-10-06 15:00:02,862{GMT}	INFO	[jepsen test runner] jepsen.core: Analysis complete
2026-10-06 15:00:02,894{GMT}	INFO	[jepsen results] jepsen.store: Wrote /home/morgankim/synapse/distributed_systems/dist_sys/multi-node-broadcast/store/broadcast/20261006T145930.320-0700/results.edn
2026-10-06 15:00:02,922{GMT}	INFO	[jepsen test runner] jepsen.core: {:perf {:latency-graph {:valid? true},
        :rate-graph {:valid? true},
        :valid? true},
 :timeline {:valid? true},
 :exceptions {:valid? true},
 :stats {:valid? true,
         :count 214,
         :ok-count 214,
         :fail-count 0,
         :info-count 0,
         :by-f {:broadcast {:valid? true,
                            :count 96,
                            :ok-count 96,
                            :fail-count 0,
                            :info-count 0},
                :read {:valid? true,
                       :count 118,
                       :ok-count 118,
                       :fail-count 0,
                       :info-count 0}}},
 :availability {:valid? true, :ok-fraction 1.0},
 :net {:all {:send-count 448,
             :recv-count 448,
             :msg-count 448,
             :msgs-per-op 2.093458},
       :clients {:send-count 448, :recv-count 448, :msg-count 448},
       :servers {:send-count 0,
                 :recv-count 0,
                 :msg-count 0,
                 :msgs-per-op 0.0},
       :valid? true},
 :workload {:worst-stale ({:element 0,
                           :outcome :stable,
                           :stable-latency 29745,
                           :lost-latency nil,
                           :known #jepsen.history.Op{:index 3,
                                                     :time 188437268,
                                                     :type :ok,
                                                     :process 1,
                                                     :f :add,
                                                     :value 0},
                           :last-absent #jepsen.history.Op{:index 421,
                                                           :time 29934337197,
                                                           :type :invoke,
                                                           :process 0,
                                                           :f :read,
                                                           :value nil,
                                                           :final? true}}
                          {:element 6,
                           :outcome :stable,
                           :stable-latency 29323,
                           :lost-latency nil,
                           :known #jepsen.history.Op{:index 15,
                                                     :time 611079055,
                                                     :type :ok,
                                                     :process 1,
                                                     :f :add,
                                                     :value 6},
                           :last-absent #jepsen.history.Op{:index 421,
                                                           :time 29934337197,
                                                           :type :invoke,
                                                           :process 0,
                                                           :f :read,
                                                           :value nil,
                                                           :final? true}}
                          {:element 9,
                           :outcome :stable,
                           :stable-latency 28629,
                           :lost-latency nil,
                           :known #jepsen.history.Op{:index 27,
                                                     :time 1304441120,
                                                     :type :ok,
                                                     :process 1,
                                                     :f :add,
                                                     :value 9},
                           :last-absent #jepsen.history.Op{:index 421,
                                                           :time 29934337197,
                                                           :type :invoke,
                                                           :process 0,
                                                           :f :read,
                                                           :value nil,
                                                           :final? true}}
                          {:element 16,
                           :outcome :stable,
                           :stable-latency 27386,
                           :lost-latency nil,
                           :known #jepsen.history.Op{:index 51,
                                                     :time 2548079355,
                                                     :type :ok,
                                                     :process 1,
                                                     :f :add,
                                                     :value 16},
                           :last-absent #jepsen.history.Op{:index 421,
                                                           :time 29934337197,
                                                           :type :invoke,
                                                           :process 0,
                                                           :f :read,
                                                           :value nil,
                                                           :final? true}}
                          {:element 26,
                           :outcome :stable,
                           :stable-latency 25684,
                           :lost-latency nil,
                           :known #jepsen.history.Op{:index 87,
                                                     :time 4250320588,
                                                     :type :ok,
                                                     :process 1,
                                                     :f :add,
                                                     :value 26},
                           :last-absent #jepsen.history.Op{:index 421,
                                                           :time 29934337197,
                                                           :type :invoke,
                                                           :process 0,
                                                           :f :read,
                                                           :value nil,
                                                           :final? true}}
                          {:element 28,
                           :outcome :stable,
                           :stable-latency 25288,
                           :lost-latency nil,
                           :known #jepsen.history.Op{:index 99,
                                                     :time 4646087645,
                                                     :type :ok,
                                                     :process 1,
                                                     :f :add,
                                                     :value 28},
                           :last-absent #jepsen.history.Op{:index 421,
                                                           :time 29934337197,
                                                           :type :invoke,
                                                           :process 0,
                                                           :f :read,
                                                           :value nil,
                                                           :final? true}}
                          {:element 33,
                           :outcome :stable,
                           :stable-latency 24006,
                           :lost-latency nil,
                           :known #jepsen.history.Op{:index 123,
                                                     :time 5927637069,
                                                     :type :ok,
                                                     :process 1,
                                                     :f :add,
                                                     :value 33},
                           :last-absent #jepsen.history.Op{:index 421,
                                                           :time 29934337197,
                                                           :type :invoke,
                                                           :process 0,
                                                           :f :read,
                                                           :value nil,
                                                           :final? true}}
                          {:element 40,
                           :outcome :stable,
                           :stable-latency 22457,
                           :lost-latency nil,
                           :known #jepsen.history.Op{:index 159,
                                                     :time 7476659439,
                                                     :type :ok,
                                                     :process 1,
                                                     :f :add,
                                                     :value 40},
                           :last-absent #jepsen.history.Op{:index 421,
                                                           :time 29934337197,
                                                           :type :invoke,
                                                           :process 0,
                                                           :f :read,
                                                           :value nil,
                                                           :final? true}}),
            :duplicated-count 0,
            :valid? false,
            :lost-count 79,
            :lost (1
                   2
                   3
                   4
                   5
                   7
                   8
                   10
                   11
                   12
                   13
                   14
                   15
                   17
                   18
                   19
                   20
                   21
                   22
                   23
                   24
                   25
                   27
                   29
                   30
                   31
                   32
                   34
                   35
                   36
                   37
                   38
                   39
                   41
                   42
                   43
                   44
                   45
                   46
                   47
                   48
                   49
                   50
                   52
                   53
                   54
                   55
                   57
                   59
                   60
                   61
                   62
                   63
                   65
                   66
                   68
                   69
                   70
                   71
                   72
                   73
                   74
                   75
                   76
                   77
                   78
                   81
                   82
                   83
                   84
                   85
                   86
                   88
                   89
                   90
                   91
                   92
                   94
                   95),
            :stable-count 17,
            :stale-count 17,
            :stale (0 6 9 16 26 28 33 40 51 56 58 64 67 79 80 87 93),
            :never-read-count 0,
            :stable-latencies {0 10487,
                               0.5 19503,
                               0.95 29745,
                               0.99 29745,
                               1 29745},
            :attempt-count 96,
            :lost-latencies {0 10003,
                             0.5 20969,
                             0.95 29413,
                             0.99 29705,
                             1 29705},
            :never-read (),
            :duplicated {}},
 :valid? false}


Analysis invalid! (ﾉಥ益ಥ）ﾉ ┻━┻
