2026/10/06 15:11:32 Received {c3 n1 {"type":"init","node_id":"n1","node_ids":["n0","n1","n2","n3","n4"],"msg_id":1}}
2026/10/06 15:11:32 Node n1 initialized
2026/10/06 15:11:32 Sent {"src":"n1","dest":"c3","body":{"in_reply_to":1,"type":"init_ok"}}
2026/10/06 15:11:32 Received {c6 n1 {"type":"topology","topology":{"n0":["n3","n1"],"n1":["n4","n2","n0"],"n2":["n1"],"n3":["n0","n4"],"n4":["n1","n3"]},"msg_id":1}}
2026/10/06 15:11:32 Sent {"src":"n1","dest":"c6","body":{"in_reply_to":1,"type":"topology_ok"}}
2026/10/06 15:11:32 Received {c11 n1 {"type":"read","msg_id":1}}
2026/10/06 15:11:32 Sent {"src":"n1","dest":"c11","body":{"in_reply_to":1,"messages":[],"type":"read_ok"}}
2026/10/06 15:11:33 Received {c11 n1 {"type":"read","msg_id":2}}
2026/10/06 15:11:33 Sent {"src":"n1","dest":"c11","body":{"in_reply_to":2,"messages":[],"type":"read_ok"}}
2026/10/06 15:11:33 Received {c11 n1 {"type":"read","msg_id":3}}
2026/10/06 15:11:33 Sent {"src":"n1","dest":"c11","body":{"in_reply_to":3,"messages":[],"type":"read_ok"}}
2026/10/06 15:11:34 Received {c11 n1 {"type":"broadcast","message":6,"msg_id":4}}
2026/10/06 15:11:34 Sent {"src":"n1","dest":"c11","body":{"in_reply_to":4,"type":"broadcast_ok"}}
2026/10/06 15:11:34 Received {c11 n1 {"type":"broadcast","message":10,"msg_id":5}}
2026/10/06 15:11:34 Sent {"src":"n1","dest":"c11","body":{"in_reply_to":5,"type":"broadcast_ok"}}
2026/10/06 15:11:35 Received {c11 n1 {"type":"read","msg_id":6}}
2026/10/06 15:11:35 Sent {"src":"n1","dest":"c11","body":{"in_reply_to":6,"messages":[6,10],"type":"read_ok"}}
2026/10/06 15:11:36 Received {c11 n1 {"type":"broadcast","message":19,"msg_id":7}}
2026/10/06 15:11:36 Sent {"src":"n1","dest":"c11","body":{"in_reply_to":7,"type":"broadcast_ok"}}
2026/10/06 15:11:36 Received {c11 n1 {"type":"broadcast","message":23,"msg_id":8}}
2026/10/06 15:11:36 Sent {"src":"n1","dest":"c11","body":{"in_reply_to":8,"type":"broadcast_ok"}}
2026/10/06 15:11:37 Received {c11 n1 {"type":"read","msg_id":9}}
2026/10/06 15:11:37 Sent {"src":"n1","dest":"c11","body":{"in_reply_to":9,"messages":[23,6,10,19],"type":"read_ok"}}
2026/10/06 15:11:37 Received {c11 n1 {"type":"read","msg_id":10}}
2026/10/06 15:11:37 Sent {"src":"n1","dest":"c11","body":{"in_reply_to":10,"messages":[6,10,19,23],"type":"read_ok"}}
2026/10/06 15:11:38 Received {c11 n1 {"type":"read","msg_id":11}}
2026/10/06 15:11:38 Sent {"src":"n1","dest":"c11","body":{"in_reply_to":11,"messages":[19,23,6,10],"type":"read_ok"}}
2026/10/06 15:11:38 Received {c11 n1 {"type":"broadcast","message":35,"msg_id":12}}
2026/10/06 15:11:38 Sent {"src":"n1","dest":"c11","body":{"in_reply_to":12,"type":"broadcast_ok"}}
2026/10/06 15:11:39 Received {c11 n1 {"type":"broadcast","message":38,"msg_id":13}}
2026/10/06 15:11:39 Sent {"src":"n1","dest":"c11","body":{"in_reply_to":13,"type":"broadcast_ok"}}
2026/10/06 15:11:40 Received {c11 n1 {"type":"read","msg_id":14}}
2026/10/06 15:11:40 Sent {"src":"n1","dest":"c11","body":{"in_reply_to":14,"messages":[23,35,38,6,10,19],"type":"read_ok"}}
2026/10/06 15:11:40 Received {c11 n1 {"type":"broadcast","message":44,"msg_id":15}}
2026/10/06 15:11:40 Sent {"src":"n1","dest":"c11","body":{"in_reply_to":15,"type":"broadcast_ok"}}
2026/10/06 15:11:41 Received {c11 n1 {"type":"read","msg_id":16}}
2026/10/06 15:11:41 Sent {"src":"n1","dest":"c11","body":{"in_reply_to":16,"messages":[10,19,23,35,38,44,6],"type":"read_ok"}}
2026/10/06 15:11:41 Received {c11 n1 {"type":"broadcast","message":48,"msg_id":17}}
2026/10/06 15:11:41 Sent {"src":"n1","dest":"c11","body":{"in_reply_to":17,"type":"broadcast_ok"}}
2026/10/06 15:11:42 Received {c11 n1 {"type":"read","msg_id":18}}
2026/10/06 15:11:42 Sent {"src":"n1","dest":"c11","body":{"in_reply_to":18,"messages":[23,35,38,44,48,6,10,19],"type":"read_ok"}}
2026/10/06 15:11:43 Received {c11 n1 {"type":"read","msg_id":19}}
2026/10/06 15:11:43 Sent {"src":"n1","dest":"c11","body":{"in_reply_to":19,"messages":[19,23,35,38,44,48,6,10],"type":"read_ok"}}
2026/10/06 15:11:43 Received {c11 n1 {"type":"read","msg_id":20}}
2026/10/06 15:11:43 Sent {"src":"n1","dest":"c11","body":{"in_reply_to":20,"messages":[10,19,23,35,38,44,48,6],"type":"read_ok"}}
2026/10/06 15:11:44 Received {c11 n1 {"type":"read","msg_id":21}}
2026/10/06 15:11:44 Sent {"src":"n1","dest":"c11","body":{"in_reply_to":21,"messages":[6,10,19,23,35,38,44,48],"type":"read_ok"}}
2026/10/06 15:11:45 Received {c11 n1 {"type":"read","msg_id":22}}
2026/10/06 15:11:45 Sent {"src":"n1","dest":"c11","body":{"in_reply_to":22,"messages":[35,38,44,48,6,10,19,23],"type":"read_ok"}}
2026/10/06 15:11:45 Received {c11 n1 {"type":"broadcast","message":64,"msg_id":23}}
2026/10/06 15:11:45 Sent {"src":"n1","dest":"c11","body":{"in_reply_to":23,"type":"broadcast_ok"}}
2026/10/06 15:11:46 Received {c11 n1 {"type":"broadcast","message":66,"msg_id":24}}
2026/10/06 15:11:46 Sent {"src":"n1","dest":"c11","body":{"in_reply_to":24,"type":"broadcast_ok"}}
2026/10/06 15:11:46 Received {c11 n1 {"type":"broadcast","message":71,"msg_id":25}}
2026/10/06 15:11:46 Sent {"src":"n1","dest":"c11","body":{"in_reply_to":25,"type":"broadcast_ok"}}
2026/10/06 15:11:47 Received {c11 n1 {"type":"broadcast","message":75,"msg_id":26}}
2026/10/06 15:11:47 Sent {"src":"n1","dest":"c11","body":{"in_reply_to":26,"type":"broadcast_ok"}}
2026/10/06 15:11:47 Received {c11 n1 {"type":"read","msg_id":27}}
2026/10/06 15:11:47 Sent {"src":"n1","dest":"c11","body":{"in_reply_to":27,"messages":[6,23,35,38,48,64,71,75,10,19,44,66],"type":"read_ok"}}
2026/10/06 15:11:48 Received {c11 n1 {"type":"read","msg_id":28}}
2026/10/06 15:11:48 Sent {"src":"n1","dest":"c11","body":{"in_reply_to":28,"messages":[71,75,10,19,44,66,6,23,35,38,48,64],"type":"read_ok"}}
2026/10/06 15:11:49 Received {c11 n1 {"type":"read","msg_id":29}}
2026/10/06 15:11:49 Sent {"src":"n1","dest":"c11","body":{"in_reply_to":29,"messages":[35,38,48,64,71,75,10,19,44,66,6,23],"type":"read_ok"}}
2026/10/06 15:11:49 Received {c11 n1 {"type":"broadcast","message":89,"msg_id":30}}
2026/10/06 15:11:49 Sent {"src":"n1","dest":"c11","body":{"in_reply_to":30,"type":"broadcast_ok"}}
2026/10/06 15:11:50 Received {c11 n1 {"type":"read","msg_id":31}}
2026/10/06 15:11:50 Sent {"src":"n1","dest":"c11","body":{"in_reply_to":31,"messages":[6,23,35,38,48,64,71,75,10,19,44,66,89],"type":"read_ok"}}
2026/10/06 15:11:51 Received {c11 n1 {"type":"broadcast","message":96,"msg_id":32}}
2026/10/06 15:11:51 Sent {"src":"n1","dest":"c11","body":{"in_reply_to":32,"type":"broadcast_ok"}}
2026/10/06 15:11:52 Received {c11 n1 {"type":"read","msg_id":33}}
2026/10/06 15:11:52 Sent {"src":"n1","dest":"c11","body":{"in_reply_to":33,"messages":[6,23,35,38,48,64,71,75,10,19,44,66,89,96],"type":"read_ok"}}
2026/10/06 15:12:02 Received {c11 n1 {"type":"read","msg_id":34}}
2026/10/06 15:12:02 Sent {"src":"n1","dest":"c11","body":{"in_reply_to":34,"messages":[75,10,19,44,66,89,96,6,23,35,38,48,64,71],"type":"read_ok"}}
